******************************************************************************
                  MSP430 Linker PC v18.1.2                     
******************************************************************************
>> Linked Thu Oct 11 14:58:24 2018

OUTPUT FILE NAME:   <MiniProjectCOMRW.out>
ENTRY POINT SYMBOL: "_c_int00_noargs"  address: 0000fb9c


MEMORY CONFIGURATION

         name            origin    length      used     unused   attr    fill
----------------------  --------  ---------  --------  --------  ----  --------
  SFR                   00000000   00000010  00000000  00000010  RWIX
  PERIPHERALS_8BIT      00000010   000000f0  00000000  000000f0  RWIX
  PERIPHERALS_16BIT     00000100   00000100  00000000  00000100  RWIX
  RAM                   00000200   00000200  00000062  0000019e  RWIX
  INFOD                 00001000   00000040  00000000  00000040  RWIX
  INFOC                 00001040   00000040  00000000  00000040  RWIX
  INFOB                 00001080   00000040  00000000  00000040  RWIX
  INFOA                 000010c0   00000040  00000000  00000040  RWIX
  FLASH                 0000c000   00003fde  00003e84  0000015a  RWIX
  BSLSIGNATURE          0000ffde   00000002  00000002  00000000  RWIX  ffff 
  INT00                 0000ffe0   00000002  00000002  00000000  RWIX
  INT01                 0000ffe2   00000002  00000000  00000002  RWIX
  INT02                 0000ffe4   00000002  00000002  00000000  RWIX
  INT03                 0000ffe6   00000002  00000002  00000000  RWIX
  INT04                 0000ffe8   00000002  00000000  00000002  RWIX
  INT05                 0000ffea   00000002  00000002  00000000  RWIX
  INT06                 0000ffec   00000002  00000002  00000000  RWIX
  INT07                 0000ffee   00000002  00000002  00000000  RWIX
  INT08                 0000fff0   00000002  00000002  00000000  RWIX
  INT09                 0000fff2   00000002  00000002  00000000  RWIX
  INT10                 0000fff4   00000002  00000002  00000000  RWIX
  INT11                 0000fff6   00000002  00000002  00000000  RWIX
  INT12                 0000fff8   00000002  00000002  00000000  RWIX
  INT13                 0000fffa   00000002  00000002  00000000  RWIX
  INT14                 0000fffc   00000002  00000002  00000000  RWIX
  RESET                 0000fffe   00000002  00000002  00000000  RWIX


SECTION ALLOCATION MAP

 output                                  attributes/
section   page    origin      length       input sections
--------  ----  ----------  ----------   ----------------
.data      0    00000200    00000012     UNINITIALIZED
                  00000200    00000010     main.obj (.data)
                  00000210    00000002     rts430_eabi.lib : errno.c.obj (.data)

.stack     0    000003b0    00000050     UNINITIALIZED
                  000003b0    00000002     rts430_eabi.lib : boot.c.obj (.stack)
                  000003b2    0000004e     --HOLE--

.text      0    0000c000    00003d2e     
                  0000c000    00000478     rts430_eabi.lib : frcdivd.c.obj (.text:__TI_frcdivd)
                  0000c478    00000360                     : div64u.c.obj (.text:__mspabi_divull)
                  0000c7d8    000002fa                     : addd.c.obj (.text:__mspabi_addd)
                  0000cad2    00000288                     : _printfi.c.obj (.text:__TI_printfi)
                  0000cd5a    00000286                     : frcmpyd.c.obj (.text:__TI_frcmpyd)
                  0000cfe0    0000026e                     : mpyd.c.obj (.text:__mspabi_mpyd)
                  0000d24e    00000260                     : frcaddd.c.obj (.text:__TI_frcaddd)
                  0000d4ae    00000252                     : _printfi.c.obj (.text:_setfield)
                  0000d700    00000244                     : _printfi.c.obj (.text:acvt)
                  0000d944    00000238                     : divd.c.obj (.text:__mspabi_divd)
                  0000db7c    00000224                     : _printfi.c.obj (.text:_pproc_fgea)
                  0000dda0    000001ec                     : _printfi.c.obj (.text:_getarg_diouxp)
                  0000df8c    000001de                     : _printfi.c.obj (.text:ecvt)
                  0000e16a    000001c4                     : _printfi.c.obj (.text:fcvt)
                  0000e32e    000001a6                     : _printfi.c.obj (.text:_pconv_e)
                  0000e4d4    00000174                     : _printfi.c.obj (.text:_pconv_a)
                  0000e648    0000016a                     : s_scalbn.c.obj (.text:scalbn)
                  0000e7b2    0000014c                     : _printfi.c.obj (.text:_pproc_diouxp)
                  0000e8fe    00000134     main.obj (.text:main)
                  0000ea32    0000012e     rts430_eabi.lib : _printfi.c.obj (.text:_ltostr)
                  0000eb60    000000f8                     : _printfi.c.obj (.text:_pconv_g)
                  0000ec58    000000f8                     : _printfi.c.obj (.text:_pproc_fwp)
                  0000ed50    000000dc                     : cmpd.c.obj (.text:__mspabi_cmpd)
                  0000ee2c    000000c4                     : _printfi.c.obj (.text:_pproc_wstr)
                  0000eef0    000000be                     : renormd.c.obj (.text:__TI_renormd)
                  0000efae    000000b0                     : s_frexp.c.obj (.text:frexp)
                  0000f05e    000000ac                     : fltlid.c.obj (.text:__mspabi_fltlid)
                  0000f10a    000000ac                     : _printfi.c.obj (.text:_pproc_str)
                  0000f1b6    00000092                     : _printfi.c.obj (.text:_mcpy)
                  0000f248    0000008e                     : _printfi.c.obj (.text:_ecpy)
                  0000f2d6    0000008c                     : cvtdf.c.obj (.text:__mspabi_cvtdf)
                  0000f362    00000084                     : ltoa.c.obj (.text:ltoa)
                  0000f3e6    0000007c                     : copy_decompress_lzss.c.obj (.text:decompress:lzss:__TI_decompress_lzss)
                  0000f462    0000007a                     : _printfi.c.obj (.text:_pconv_f)
                  0000f4dc    00000074     main.obj (.text:packet)
                  0000f550    00000072     rts430_eabi.lib : cvtfd.c.obj (.text:__mspabi_cvtfd)
                  0000f5c2    00000072                     : fixdli.c.obj (.text:__mspabi_fixdli)
                  0000f634    0000006e     main.obj (.text:USCI0RX_ISR)
                  0000f6a2    0000005c     rts430_eabi.lib : lsr32.asm.obj (.text:l_lsr_const)
                  0000f6fe    00000058                     : div32u.asm.obj (.text)
                  0000f756    00000052                     : atoi.c.obj (.text:atoi)
                  0000f7a8    0000004e                     : _printfi.c.obj (.text:_fcpy)
                  0000f7f6    0000004c                     : lsr16.asm.obj (.text)
                  0000f842    0000004a                     : fs_cmp.asm.obj (.text)
                  0000f88c    00000046                     : lsr64.c.obj (.text:__mspabi_srlll)
                  0000f8d2    00000044                     : lsl64.c.obj (.text:__mspabi_sllll)
                  0000f916    00000042                     : autoinit.c.obj (.text:__TI_auto_init_nobinit_nopinit:__TI_auto_init_nobinit_nopinit)
                  0000f958    00000040                     : div32s.asm.obj (.text)
                  0000f998    0000003e                     : asr32.asm.obj (.text:l_asr_const)
                  0000f9d6    0000003e                     : lsl32.asm.obj (.text:l_lsl_const)
                  0000fa14    00000038                     : sprintf.c.obj (.text:sprintf)
                  0000fa4c    0000002e                     : subd.c.obj (.text:__mspabi_subd)
                  0000fa7a    0000002e                     : s_copysign.c.obj (.text:copysign)
                  0000faa8    0000002c                     : asr16.asm.obj (.text)
                  0000fad4    0000002c                     : lsl16.asm.obj (.text)
                  0000fb00    0000002a                     : negd.c.obj (.text:__mspabi_negd)
                  0000fb2a    00000028                     : fixdi.c.obj (.text:__mspabi_fixdi)
                  0000fb52    00000026                     : mult32.asm.obj (.text)
                  0000fb78    00000024     main.obj (.text:sendData)
                  0000fb9c    0000001c     rts430_eabi.lib : boot.c.obj (.text:_c_int00_noargs)
                  0000fbb8    0000001a                     : sprintf.c.obj (.text:_outs)
                  0000fbd2    0000001a                     : memccpy.c.obj (.text:memccpy)
                  0000fbec    0000001a                     : strcat.c.obj (.text:strcat)
                  0000fc06    0000001a                     : strchr.c.obj (.text:strchr)
                  0000fc20    00000016                     : div16u.asm.obj (.text)
                  0000fc36    00000014                     : memset.c.obj (.text:memset)
                  0000fc4a    00000014                     : mult16.asm.obj (.text)
                  0000fc5e    00000014                     : wcslen.c.obj (.text:wcslen)
                  0000fc72    00000012                     : sprintf.c.obj (.text:_outc)
                  0000fc84    00000012                     : copy_decompress_none.c.obj (.text:decompress:none:__TI_decompress_none)
                  0000fc96    00000012                     : lsr32.asm.obj (.text:l_lsr)
                  0000fca8    00000012                     : memcpy.c.obj (.text:memcpy)
                  0000fcba    00000010                     : asr32.asm.obj (.text:l_asr)
                  0000fcca    00000010                     : lsl32.asm.obj (.text:l_lsl)
                  0000fcda    00000010                     : epilog.asm.obj (.text)
                  0000fcea    0000000e                     : strlen.c.obj (.text:strlen)
                  0000fcf8    0000000c                     : fltid.c.obj (.text:__mspabi_fltid)
                  0000fd04    0000000c                     : toupper.c.obj (.text:toupper)
                  0000fd10    0000000a                     : abs.c.obj (.text:abs)
                  0000fd1a    00000008                     : isr_trap.asm.obj (.text:_isr:__TI_ISR_TRAP)
                  0000fd22    00000006                     : exit.c.obj (.text:abort)
                  0000fd28    00000004                     : pre_init.c.obj (.text:_system_pre_init)
                  0000fd2c    00000002                     : startup.c.obj (.text:_system_post_cinit)

.const     0    0000fd2e    0000013a     
                  0000fd2e    00000101     rts430_eabi.lib : ctype.c.obj (.const:.string:_ctypes_)
                  0000fe2f    00000001     --HOLE-- [fill = 0]
                  0000fe30    00000026                     : _printfi.c.obj (.const:.string)
                  0000fe56    00000012     main.obj (.const:.string)

.cinit     0    0000fe68    0000001c     
                  0000fe68    00000014     (.cinit..data.load) [load image, compression = lzss]
                  0000fe7c    00000004     (__TI_handler_table)
                  0000fe80    00000004     (__TI_cinit_table)

.binit     0    0000c000    00000000     

.init_array 
*          0    0000c000    00000000     UNINITIALIZED

TRAPINT    0    0000ffe0    00000002     
                  0000ffe0    00000002     rts430_eabi.lib : int00.asm.obj (.int00)

PORT1      0    0000ffe4    00000002     
                  0000ffe4    00000002     rts430_eabi.lib : int02.asm.obj (.int02)

PORT2      0    0000ffe6    00000002     
                  0000ffe6    00000002     rts430_eabi.lib : int03.asm.obj (.int03)

ADC10      0    0000ffea    00000002     
                  0000ffea    00000002     rts430_eabi.lib : int05.asm.obj (.int05)

USCIAB0TX 
*          0    0000ffec    00000002     
                  0000ffec    00000002     rts430_eabi.lib : int06.asm.obj (.int06)

USCIAB0RX 
*          0    0000ffee    00000002     
                  0000ffee    00000002     main.obj (.int07)

TIMER0_A1 
*          0    0000fff0    00000002     
                  0000fff0    00000002     rts430_eabi.lib : int08.asm.obj (.int08)

TIMER0_A0 
*          0    0000fff2    00000002     
                  0000fff2    00000002     rts430_eabi.lib : int09.asm.obj (.int09)

WDT        0    0000fff4    00000002     
                  0000fff4    00000002     rts430_eabi.lib : int10.asm.obj (.int10)

COMPARATORA 
*          0    0000fff6    00000002     
                  0000fff6    00000002     rts430_eabi.lib : int11.asm.obj (.int11)

TIMER1_A1 
*          0    0000fff8    00000002     
                  0000fff8    00000002     rts430_eabi.lib : int12.asm.obj (.int12)

TIMER1_A0 
*          0    0000fffa    00000002     
                  0000fffa    00000002     rts430_eabi.lib : int13.asm.obj (.int13)

NMI        0    0000fffc    00000002     
                  0000fffc    00000002     rts430_eabi.lib : int14.asm.obj (.int14)

.reset     0    0000fffe    00000002     
                  0000fffe    00000002     rts430_eabi.lib : boot.c.obj (.reset)

$fill000   0    0000ffde    00000002     
                  0000ffde    00000002     --HOLE-- [fill = ffff]

MODULE SUMMARY

       Module                       code    ro data   rw data
       ------                       ----    -------   -------
    .\
       main.obj                     570     20        16     
    +--+----------------------------+-------+---------+---------+
       Total:                       570     20        16     
                                                             
    C:\ti\ccsv8\tools\compiler\ti-cgt-msp430_18.1.2.LTS\lib\rts430_eabi.lib
       _printfi.c.obj               6572    38        0      
       frcdivd.c.obj                1144    0         0      
       div64u.c.obj                 864     0         0      
       addd.c.obj                   762     0         0      
       frcmpyd.c.obj                646     0         0      
       mpyd.c.obj                   622     0         0      
       frcaddd.c.obj                608     0         0      
       divd.c.obj                   568     0         0      
       s_scalbn.c.obj               362     0         0      
       ctype.c.obj                  0       257       0      
       cmpd.c.obj                   220     0         0      
       renormd.c.obj                190     0         0      
       s_frexp.c.obj                176     0         0      
       fltlid.c.obj                 172     0         0      
       cvtdf.c.obj                  140     0         0      
       ltoa.c.obj                   132     0         0      
       copy_decompress_lzss.c.obj   124     0         0      
       cvtfd.c.obj                  114     0         0      
       fixdli.c.obj                 114     0         0      
       lsr32.asm.obj                110     0         0      
       sprintf.c.obj                100     0         0      
       div32u.asm.obj               88      0         0      
       atoi.c.obj                   82      0         0      
       asr32.asm.obj                78      0         0      
       lsl32.asm.obj                78      0         0      
       lsr16.asm.obj                76      0         0      
       fs_cmp.asm.obj               74      0         0      
       lsr64.c.obj                  70      0         0      
       lsl64.c.obj                  68      0         0      
       autoinit.c.obj               66      0         0      
       div32s.asm.obj               64      0         0      
       s_copysign.c.obj             46      0         0      
       subd.c.obj                   46      0         0      
       asr16.asm.obj                44      0         0      
       lsl16.asm.obj                44      0         0      
       negd.c.obj                   42      0         0      
       fixdi.c.obj                  40      0         0      
       mult32.asm.obj               38      0         0      
       boot.c.obj                   28      2         0      
       memccpy.c.obj                26      0         0      
       strcat.c.obj                 26      0         0      
       strchr.c.obj                 26      0         0      
       div16u.asm.obj               22      0         0      
       memset.c.obj                 20      0         0      
       mult16.asm.obj               20      0         0      
       wcslen.c.obj                 20      0         0      
       copy_decompress_none.c.obj   18      0         0      
       memcpy.c.obj                 18      0         0      
       epilog.asm.obj               16      0         0      
       strlen.c.obj                 14      0         0      
       fltid.c.obj                  12      0         0      
       toupper.c.obj                12      0         0      
       abs.c.obj                    10      0         0      
       isr_trap.asm.obj             8       0         0      
       exit.c.obj                   6       0         0      
       pre_init.c.obj               4       0         0      
       errno.c.obj                  0       0         2      
       int00.asm.obj                0       2         0      
       int02.asm.obj                0       2         0      
       int03.asm.obj                0       2         0      
       int05.asm.obj                0       2         0      
       int06.asm.obj                0       2         0      
       int08.asm.obj                0       2         0      
       int09.asm.obj                0       2         0      
       int10.asm.obj                0       2         0      
       int11.asm.obj                0       2         0      
       int12.asm.obj                0       2         0      
       int13.asm.obj                0       2         0      
       int14.asm.obj                0       2         0      
       startup.c.obj                2       0         0      
    +--+----------------------------+-------+---------+---------+
       Total:                       15092   321       2      
                                                             
       Stack:                       0       0         80     
       Linker Generated:            0       28        0      
    +--+----------------------------+-------+---------+---------+
       Grand Total:                 15662   369       98     


LINKER GENERATED COPY TABLES

__TI_cinit_table @ 0000fe80 records: 1, size/record: 4, table size: 4
	.data: load addr=0000fe68, load size=00000014 bytes, run addr=00000200, run size=00000012 bytes, compression=lzss


LINKER GENERATED HANDLER TABLE

__TI_handler_table @ 0000fe7c records: 2, size/record: 2, table size: 4
	index: 0, handler: __TI_decompress_lzss
	index: 1, handler: __TI_decompress_none


GLOBAL SYMBOLS: SORTED ALPHABETICALLY BY Name 

address   name                          
-------   ----                          
00000204  A                             
0000004a  ADC10AE0                      
000001b0  ADC10CTL0                     
000001b2  ADC10CTL1                     
00000048  ADC10DTC0                     
00000049  ADC10DTC1                     
000001b4  ADC10MEM                      
000001bc  ADC10SA                       
00000057  BCSCTL1                       
00000058  BCSCTL2                       
00000053  BCSCTL3                       
0000fd22  C$$EXIT                       
00000059  CACTL1                        
0000005a  CACTL2                        
000010fb  CALBC1_12MHZ                  
000010f9  CALBC1_16MHZ                  
000010ff  CALBC1_1MHZ                   
000010fd  CALBC1_8MHZ                   
000010fa  CALDCO_12MHZ                  
000010f8  CALDCO_16MHZ                  
000010fe  CALDCO_1MHZ                   
000010fc  CALDCO_8MHZ                   
0000005b  CAPD                          
00000056  DCOCTL                        
00000128  FCTL1                         
0000012a  FCTL2                         
0000012c  FCTL3                         
00000000  IE1                           
00000001  IE2                           
00000002  IFG1                          
00000003  IFG2                          
00000022  P1DIR                         
00000025  P1IE                          
00000024  P1IES                         
00000023  P1IFG                         
00000020  P1IN                          
00000021  P1OUT                         
00000027  P1REN                         
00000026  P1SEL                         
00000041  P1SEL2                        
0000002a  P2DIR                         
0000002d  P2IE                          
0000002c  P2IES                         
0000002b  P2IFG                         
00000028  P2IN                          
00000029  P2OUT                         
0000002f  P2REN                         
0000002e  P2SEL                         
00000042  P2SEL2                        
0000001a  P3DIR                         
00000018  P3IN                          
00000019  P3OUT                         
00000010  P3REN                         
0000001b  P3SEL                         
00000043  P3SEL2                        
00000172  TA0CCR0                       
00000174  TA0CCR1                       
00000176  TA0CCR2                       
00000162  TA0CCTL0                      
00000164  TA0CCTL1                      
00000166  TA0CCTL2                      
00000160  TA0CTL                        
0000012e  TA0IV                         
00000170  TA0R                          
00000192  TA1CCR0                       
00000194  TA1CCR1                       
00000196  TA1CCR2                       
00000182  TA1CCTL0                      
00000184  TA1CCTL1                      
00000186  TA1CCTL2                      
00000180  TA1CTL                        
0000011e  TA1IV                         
00000190  TA1R                          
000010db  TLV_ADC10_1_LEN               
000010da  TLV_ADC10_1_TAG               
000010c0  TLV_CHECKSUM                  
000010f7  TLV_DCO_30_LEN                
000010f6  TLV_DCO_30_TAG                
0000005d  UCA0ABCTL                     
00000062  UCA0BR0                       
00000063  UCA0BR1                       
00000060  UCA0CTL0                      
00000061  UCA0CTL1                      
0000005f  UCA0IRRCTL                    
0000005e  UCA0IRTCTL                    
00000064  UCA0MCTL                      
00000066  UCA0RXBUF                     
00000065  UCA0STAT                      
00000067  UCA0TXBUF                     
0000006a  UCB0BR0                       
0000006b  UCB0BR1                       
00000068  UCB0CTL0                      
00000069  UCB0CTL1                      
0000006c  UCB0I2CIE                     
00000118  UCB0I2COA                     
0000011a  UCB0I2CSA                     
0000006e  UCB0RXBUF                     
0000006d  UCB0STAT                      
0000006f  UCB0TXBUF                     
0000f634  USCI0RX_ISR                   
00000208  V                             
00000120  WDTCTL                        
00000400  __STACK_END                   
00000050  __STACK_SIZE                  
0000fe80  __TI_CINIT_Base               
0000fe84  __TI_CINIT_Limit              
0000fe7c  __TI_Handler_Table_Base       
0000fe80  __TI_Handler_Table_Limit      
0000fd1a  __TI_ISR_TRAP                 
0000f916  __TI_auto_init_nobinit_nopinit
0000f3e6  __TI_decompress_lzss          
0000fc84  __TI_decompress_none          
0000d24e  __TI_frcaddd                  
0000c000  __TI_frcdivd                  
0000cd5a  __TI_frcmpyd                  
0000ffe0  __TI_int00                    
0000ffe4  __TI_int02                    
0000ffe6  __TI_int03                    
0000ffea  __TI_int05                    
0000ffec  __TI_int06                    
0000ffee  __TI_int07                    
0000fff0  __TI_int08                    
0000fff2  __TI_int09                    
0000fff4  __TI_int10                    
0000fff6  __TI_int11                    
0000fff8  __TI_int12                    
0000fffa  __TI_int13                    
0000fffc  __TI_int14                    
ffffffff  __TI_pprof_out_hndl           
0000cad2  __TI_printfi                  
ffffffff  __TI_prof_data_size           
ffffffff  __TI_prof_data_start          
0000eef0  __TI_renormd                  
ffffffff  __c_args__                    
0000c7d8  __mspabi_addd                 
0000ed50  __mspabi_cmpd                 
0000f842  __mspabi_cmpf                 
0000f2d6  __mspabi_cvtdf                
0000f550  __mspabi_cvtfd                
0000d944  __mspabi_divd                 
0000f958  __mspabi_divli                
0000fc20  __mspabi_divu                 
0000f6fe  __mspabi_divul                
0000c478  __mspabi_divull               
0000fb2a  __mspabi_fixdi                
0000f5c2  __mspabi_fixdli               
0000fcf8  __mspabi_fltid                
0000f05e  __mspabi_fltlid               
0000fce6  __mspabi_func_epilog_1        
0000fce4  __mspabi_func_epilog_2        
0000fce2  __mspabi_func_epilog_3        
0000fce0  __mspabi_func_epilog_4        
0000fcde  __mspabi_func_epilog_5        
0000fcdc  __mspabi_func_epilog_6        
0000fcda  __mspabi_func_epilog_7        
0000cfe0  __mspabi_mpyd                 
0000fc4a  __mspabi_mpyi                 
0000fc4a  __mspabi_mpyi_sw              
0000fb52  __mspabi_mpyl                 
0000fb52  __mspabi_mpyl_sw              
0000fb00  __mspabi_negd                 
0000f958  __mspabi_remli                
0000fc20  __mspabi_remu                 
0000f6fe  __mspabi_remul                
0000fad4  __mspabi_slli                 
0000fafc  __mspabi_slli_1               
0000faea  __mspabi_slli_10              
0000fae8  __mspabi_slli_11              
0000fae6  __mspabi_slli_12              
0000fae4  __mspabi_slli_13              
0000fae2  __mspabi_slli_14              
0000fae0  __mspabi_slli_15              
0000fafa  __mspabi_slli_2               
0000faf8  __mspabi_slli_3               
0000faf6  __mspabi_slli_4               
0000faf4  __mspabi_slli_5               
0000faf2  __mspabi_slli_6               
0000faf0  __mspabi_slli_7               
0000faee  __mspabi_slli_8               
0000faec  __mspabi_slli_9               
0000fcca  __mspabi_slll                 
0000fa0e  __mspabi_slll_1               
0000f9ea  __mspabi_slll_10              
0000f9e6  __mspabi_slll_11              
0000f9e2  __mspabi_slll_12              
0000f9de  __mspabi_slll_13              
0000f9da  __mspabi_slll_14              
0000f9d6  __mspabi_slll_15              
0000fa0a  __mspabi_slll_2               
0000fa06  __mspabi_slll_3               
0000fa02  __mspabi_slll_4               
0000f9fe  __mspabi_slll_5               
0000f9fa  __mspabi_slll_6               
0000f9f6  __mspabi_slll_7               
0000f9f2  __mspabi_slll_8               
0000f9ee  __mspabi_slll_9               
0000f8d2  __mspabi_sllll                
0000faa8  __mspabi_srai                 
0000fad0  __mspabi_srai_1               
0000fabe  __mspabi_srai_10              
0000fabc  __mspabi_srai_11              
0000faba  __mspabi_srai_12              
0000fab8  __mspabi_srai_13              
0000fab6  __mspabi_srai_14              
0000fab4  __mspabi_srai_15              
0000face  __mspabi_srai_2               
0000facc  __mspabi_srai_3               
0000faca  __mspabi_srai_4               
0000fac8  __mspabi_srai_5               
0000fac6  __mspabi_srai_6               
0000fac4  __mspabi_srai_7               
0000fac2  __mspabi_srai_8               
0000fac0  __mspabi_srai_9               
0000fcba  __mspabi_sral                 
0000f9d0  __mspabi_sral_1               
0000f9ac  __mspabi_sral_10              
0000f9a8  __mspabi_sral_11              
0000f9a4  __mspabi_sral_12              
0000f9a0  __mspabi_sral_13              
0000f99c  __mspabi_sral_14              
0000f998  __mspabi_sral_15              
0000f9cc  __mspabi_sral_2               
0000f9c8  __mspabi_sral_3               
0000f9c4  __mspabi_sral_4               
0000f9c0  __mspabi_sral_5               
0000f9bc  __mspabi_sral_6               
0000f9b8  __mspabi_sral_7               
0000f9b4  __mspabi_sral_8               
0000f9b0  __mspabi_sral_9               
0000f7f6  __mspabi_srli                 
0000f83c  __mspabi_srli_1               
0000f818  __mspabi_srli_10              
0000f814  __mspabi_srli_11              
0000f810  __mspabi_srli_12              
0000f80c  __mspabi_srli_13              
0000f808  __mspabi_srli_14              
0000f804  __mspabi_srli_15              
0000f838  __mspabi_srli_2               
0000f834  __mspabi_srli_3               
0000f830  __mspabi_srli_4               
0000f82c  __mspabi_srli_5               
0000f828  __mspabi_srli_6               
0000f824  __mspabi_srli_7               
0000f820  __mspabi_srli_8               
0000f81c  __mspabi_srli_9               
0000fc96  __mspabi_srll                 
0000f6f6  __mspabi_srll_1               
0000f6c0  __mspabi_srll_10              
0000f6ba  __mspabi_srll_11              
0000f6b4  __mspabi_srll_12              
0000f6ae  __mspabi_srll_13              
0000f6a8  __mspabi_srll_14              
0000f6a2  __mspabi_srll_15              
0000f6f0  __mspabi_srll_2               
0000f6ea  __mspabi_srll_3               
0000f6e4  __mspabi_srll_4               
0000f6de  __mspabi_srll_5               
0000f6d8  __mspabi_srll_6               
0000f6d2  __mspabi_srll_7               
0000f6cc  __mspabi_srll_8               
0000f6c6  __mspabi_srll_9               
0000f88c  __mspabi_srlll                
0000fa4c  __mspabi_subd                 
0000fb9c  _c_int00_noargs               
0000fd2e  _ctypes_                      
0000fffe  _reset_vector                 
000003b0  _stack                        
0000fd2c  _system_post_cinit            
0000fd28  _system_pre_init              
0000fd22  abort                         
0000fd10  abs                           
0000f756  atoi                          
0000fa7a  copysign                      
0000fa7a  copysignl                     
0000020c  current                       
00000210  errno                         
0000efae  frexp                         
0000efae  frexpl                        
00000200  i                             
0000020e  index                         
0000e648  ldexp                         
0000e648  ldexpl                        
0000f362  ltoa                          
0000e8fe  main                          
0000fbd2  memccpy                       
0000fca8  memcpy                        
0000fc36  memset                        
0000f4dc  packet                        
0000e648  scalbn                        
0000e648  scalbnl                       
0000fb78  sendData                      
0000fa14  sprintf                       
0000fbec  strcat                        
0000fc06  strchr                        
0000fcea  strlen                        
0000fd04  toupper                       
0000020d  voltage                       
0000fc5e  wcslen                        


GLOBAL SYMBOLS: SORTED BY Symbol Address 

address   name                          
-------   ----                          
00000000  IE1                           
00000001  IE2                           
00000002  IFG1                          
00000003  IFG2                          
00000010  P3REN                         
00000018  P3IN                          
00000019  P3OUT                         
0000001a  P3DIR                         
0000001b  P3SEL                         
00000020  P1IN                          
00000021  P1OUT                         
00000022  P1DIR                         
00000023  P1IFG                         
00000024  P1IES                         
00000025  P1IE                          
00000026  P1SEL                         
00000027  P1REN                         
00000028  P2IN                          
00000029  P2OUT                         
0000002a  P2DIR                         
0000002b  P2IFG                         
0000002c  P2IES                         
0000002d  P2IE                          
0000002e  P2SEL                         
0000002f  P2REN                         
00000041  P1SEL2                        
00000042  P2SEL2                        
00000043  P3SEL2                        
00000048  ADC10DTC0                     
00000049  ADC10DTC1                     
0000004a  ADC10AE0                      
00000050  __STACK_SIZE                  
00000053  BCSCTL3                       
00000056  DCOCTL                        
00000057  BCSCTL1                       
00000058  BCSCTL2                       
00000059  CACTL1                        
0000005a  CACTL2                        
0000005b  CAPD                          
0000005d  UCA0ABCTL                     
0000005e  UCA0IRTCTL                    
0000005f  UCA0IRRCTL                    
00000060  UCA0CTL0                      
00000061  UCA0CTL1                      
00000062  UCA0BR0                       
00000063  UCA0BR1                       
00000064  UCA0MCTL                      
00000065  UCA0STAT                      
00000066  UCA0RXBUF                     
00000067  UCA0TXBUF                     
00000068  UCB0CTL0                      
00000069  UCB0CTL1                      
0000006a  UCB0BR0                       
0000006b  UCB0BR1                       
0000006c  UCB0I2CIE                     
0000006d  UCB0STAT                      
0000006e  UCB0RXBUF                     
0000006f  UCB0TXBUF                     
00000118  UCB0I2COA                     
0000011a  UCB0I2CSA                     
0000011e  TA1IV                         
00000120  WDTCTL                        
00000128  FCTL1                         
0000012a  FCTL2                         
0000012c  FCTL3                         
0000012e  TA0IV                         
00000160  TA0CTL                        
00000162  TA0CCTL0                      
00000164  TA0CCTL1                      
00000166  TA0CCTL2                      
00000170  TA0R                          
00000172  TA0CCR0                       
00000174  TA0CCR1                       
00000176  TA0CCR2                       
00000180  TA1CTL                        
00000182  TA1CCTL0                      
00000184  TA1CCTL1                      
00000186  TA1CCTL2                      
00000190  TA1R                          
00000192  TA1CCR0                       
00000194  TA1CCR1                       
00000196  TA1CCR2                       
000001b0  ADC10CTL0                     
000001b2  ADC10CTL1                     
000001b4  ADC10MEM                      
000001bc  ADC10SA                       
00000200  i                             
00000204  A                             
00000208  V                             
0000020c  current                       
0000020d  voltage                       
0000020e  index                         
00000210  errno                         
000003b0  _stack                        
00000400  __STACK_END                   
000010c0  TLV_CHECKSUM                  
000010da  TLV_ADC10_1_TAG               
000010db  TLV_ADC10_1_LEN               
000010f6  TLV_DCO_30_TAG                
000010f7  TLV_DCO_30_LEN                
000010f8  CALDCO_16MHZ                  
000010f9  CALBC1_16MHZ                  
000010fa  CALDCO_12MHZ                  
000010fb  CALBC1_12MHZ                  
000010fc  CALDCO_8MHZ                   
000010fd  CALBC1_8MHZ                   
000010fe  CALDCO_1MHZ                   
000010ff  CALBC1_1MHZ                   
0000c000  __TI_frcdivd                  
0000c478  __mspabi_divull               
0000c7d8  __mspabi_addd                 
0000cad2  __TI_printfi                  
0000cd5a  __TI_frcmpyd                  
0000cfe0  __mspabi_mpyd                 
0000d24e  __TI_frcaddd                  
0000d944  __mspabi_divd                 
0000e648  ldexp                         
0000e648  ldexpl                        
0000e648  scalbn                        
0000e648  scalbnl                       
0000e8fe  main                          
0000ed50  __mspabi_cmpd                 
0000eef0  __TI_renormd                  
0000efae  frexp                         
0000efae  frexpl                        
0000f05e  __mspabi_fltlid               
0000f2d6  __mspabi_cvtdf                
0000f362  ltoa                          
0000f3e6  __TI_decompress_lzss          
0000f4dc  packet                        
0000f550  __mspabi_cvtfd                
0000f5c2  __mspabi_fixdli               
0000f634  USCI0RX_ISR                   
0000f6a2  __mspabi_srll_15              
0000f6a8  __mspabi_srll_14              
0000f6ae  __mspabi_srll_13              
0000f6b4  __mspabi_srll_12              
0000f6ba  __mspabi_srll_11              
0000f6c0  __mspabi_srll_10              
0000f6c6  __mspabi_srll_9               
0000f6cc  __mspabi_srll_8               
0000f6d2  __mspabi_srll_7               
0000f6d8  __mspabi_srll_6               
0000f6de  __mspabi_srll_5               
0000f6e4  __mspabi_srll_4               
0000f6ea  __mspabi_srll_3               
0000f6f0  __mspabi_srll_2               
0000f6f6  __mspabi_srll_1               
0000f6fe  __mspabi_divul                
0000f6fe  __mspabi_remul                
0000f756  atoi                          
0000f7f6  __mspabi_srli                 
0000f804  __mspabi_srli_15              
0000f808  __mspabi_srli_14              
0000f80c  __mspabi_srli_13              
0000f810  __mspabi_srli_12              
0000f814  __mspabi_srli_11              
0000f818  __mspabi_srli_10              
0000f81c  __mspabi_srli_9               
0000f820  __mspabi_srli_8               
0000f824  __mspabi_srli_7               
0000f828  __mspabi_srli_6               
0000f82c  __mspabi_srli_5               
0000f830  __mspabi_srli_4               
0000f834  __mspabi_srli_3               
0000f838  __mspabi_srli_2               
0000f83c  __mspabi_srli_1               
0000f842  __mspabi_cmpf                 
0000f88c  __mspabi_srlll                
0000f8d2  __mspabi_sllll                
0000f916  __TI_auto_init_nobinit_nopinit
0000f958  __mspabi_divli                
0000f958  __mspabi_remli                
0000f998  __mspabi_sral_15              
0000f99c  __mspabi_sral_14              
0000f9a0  __mspabi_sral_13              
0000f9a4  __mspabi_sral_12              
0000f9a8  __mspabi_sral_11              
0000f9ac  __mspabi_sral_10              
0000f9b0  __mspabi_sral_9               
0000f9b4  __mspabi_sral_8               
0000f9b8  __mspabi_sral_7               
0000f9bc  __mspabi_sral_6               
0000f9c0  __mspabi_sral_5               
0000f9c4  __mspabi_sral_4               
0000f9c8  __mspabi_sral_3               
0000f9cc  __mspabi_sral_2               
0000f9d0  __mspabi_sral_1               
0000f9d6  __mspabi_slll_15              
0000f9da  __mspabi_slll_14              
0000f9de  __mspabi_slll_13              
0000f9e2  __mspabi_slll_12              
0000f9e6  __mspabi_slll_11              
0000f9ea  __mspabi_slll_10              
0000f9ee  __mspabi_slll_9               
0000f9f2  __mspabi_slll_8               
0000f9f6  __mspabi_slll_7               
0000f9fa  __mspabi_slll_6               
0000f9fe  __mspabi_slll_5               
0000fa02  __mspabi_slll_4               
0000fa06  __mspabi_slll_3               
0000fa0a  __mspabi_slll_2               
0000fa0e  __mspabi_slll_1               
0000fa14  sprintf                       
0000fa4c  __mspabi_subd                 
0000fa7a  copysign                      
0000fa7a  copysignl                     
0000faa8  __mspabi_srai                 
0000fab4  __mspabi_srai_15              
0000fab6  __mspabi_srai_14              
0000fab8  __mspabi_srai_13              
0000faba  __mspabi_srai_12              
0000fabc  __mspabi_srai_11              
0000fabe  __mspabi_srai_10              
0000fac0  __mspabi_srai_9               
0000fac2  __mspabi_srai_8               
0000fac4  __mspabi_srai_7               
0000fac6  __mspabi_srai_6               
0000fac8  __mspabi_srai_5               
0000faca  __mspabi_srai_4               
0000facc  __mspabi_srai_3               
0000face  __mspabi_srai_2               
0000fad0  __mspabi_srai_1               
0000fad4  __mspabi_slli                 
0000fae0  __mspabi_slli_15              
0000fae2  __mspabi_slli_14              
0000fae4  __mspabi_slli_13              
0000fae6  __mspabi_slli_12              
0000fae8  __mspabi_slli_11              
0000faea  __mspabi_slli_10              
0000faec  __mspabi_slli_9               
0000faee  __mspabi_slli_8               
0000faf0  __mspabi_slli_7               
0000faf2  __mspabi_slli_6               
0000faf4  __mspabi_slli_5               
0000faf6  __mspabi_slli_4               
0000faf8  __mspabi_slli_3               
0000fafa  __mspabi_slli_2               
0000fafc  __mspabi_slli_1               
0000fb00  __mspabi_negd                 
0000fb2a  __mspabi_fixdi                
0000fb52  __mspabi_mpyl                 
0000fb52  __mspabi_mpyl_sw              
0000fb78  sendData                      
0000fb9c  _c_int00_noargs               
0000fbd2  memccpy                       
0000fbec  strcat                        
0000fc06  strchr                        
0000fc20  __mspabi_divu                 
0000fc20  __mspabi_remu                 
0000fc36  memset                        
0000fc4a  __mspabi_mpyi                 
0000fc4a  __mspabi_mpyi_sw              
0000fc5e  wcslen                        
0000fc84  __TI_decompress_none          
0000fc96  __mspabi_srll                 
0000fca8  memcpy                        
0000fcba  __mspabi_sral                 
0000fcca  __mspabi_slll                 
0000fcda  __mspabi_func_epilog_7        
0000fcdc  __mspabi_func_epilog_6        
0000fcde  __mspabi_func_epilog_5        
0000fce0  __mspabi_func_epilog_4        
0000fce2  __mspabi_func_epilog_3        
0000fce4  __mspabi_func_epilog_2        
0000fce6  __mspabi_func_epilog_1        
0000fcea  strlen                        
0000fcf8  __mspabi_fltid                
0000fd04  toupper                       
0000fd10  abs                           
0000fd1a  __TI_ISR_TRAP                 
0000fd22  C$$EXIT                       
0000fd22  abort                         
0000fd28  _system_pre_init              
0000fd2c  _system_post_cinit            
0000fd2e  _ctypes_                      
0000fe7c  __TI_Handler_Table_Base       
0000fe80  __TI_CINIT_Base               
0000fe80  __TI_Handler_Table_Limit      
0000fe84  __TI_CINIT_Limit              
0000ffe0  __TI_int00                    
0000ffe4  __TI_int02                    
0000ffe6  __TI_int03                    
0000ffea  __TI_int05                    
0000ffec  __TI_int06                    
0000ffee  __TI_int07                    
0000fff0  __TI_int08                    
0000fff2  __TI_int09                    
0000fff4  __TI_int10                    
0000fff6  __TI_int11                    
0000fff8  __TI_int12                    
0000fffa  __TI_int13                    
0000fffc  __TI_int14                    
0000fffe  _reset_vector                 
ffffffff  __TI_pprof_out_hndl           
ffffffff  __TI_prof_data_size           
ffffffff  __TI_prof_data_start          
ffffffff  __c_args__                    

[298 symbols]
