<?xml version="1.0" encoding="ISO-8859-1" ?>
<link_info>
   <banner>MSP430 Linker PC v18.1.2.LTS</banner>
   <copyright>Copyright (c) 2003-2017 Texas Instruments Incorporated</copyright>
   <link_time>0x5bbfab60</link_time>
   <link_errors>0x0</link_errors>
   <output_file>MiniProjectCOMRW.out</output_file>
   <entry_point>
      <name>_c_int00_noargs</name>
      <address>0xfb9c</address>
   </entry_point>
   <input_file_list>
      <input_file id="fl-2">
         <path>.\</path>
         <kind>object</kind>
         <file>main.obj</file>
         <name>main.obj</name>
      </input_file>
      <input_file id="fl-7">
         <kind>object</kind>
         <file>&lt;internal&gt;</file>
         <name>&lt;internal&gt;</name>
      </input_file>
      <input_file id="fl-1d">
         <path>C:\ti\ccsv8\tools\compiler\ti-cgt-msp430_18.1.2.LTS\lib\</path>
         <kind>archive</kind>
         <file>rts430_eabi.lib</file>
         <name>epilog.asm.obj</name>
      </input_file>
      <input_file id="fl-1e">
         <path>C:\ti\ccsv8\tools\compiler\ti-cgt-msp430_18.1.2.LTS\lib\</path>
         <kind>archive</kind>
         <file>rts430_eabi.lib</file>
         <name>fs_cmp.asm.obj</name>
      </input_file>
      <input_file id="fl-1f">
         <path>C:\ti\ccsv8\tools\compiler\ti-cgt-msp430_18.1.2.LTS\lib\</path>
         <kind>archive</kind>
         <file>rts430_eabi.lib</file>
         <name>int00.asm.obj</name>
      </input_file>
      <input_file id="fl-20">
         <path>C:\ti\ccsv8\tools\compiler\ti-cgt-msp430_18.1.2.LTS\lib\</path>
         <kind>archive</kind>
         <file>rts430_eabi.lib</file>
         <name>int02.asm.obj</name>
      </input_file>
      <input_file id="fl-21">
         <path>C:\ti\ccsv8\tools\compiler\ti-cgt-msp430_18.1.2.LTS\lib\</path>
         <kind>archive</kind>
         <file>rts430_eabi.lib</file>
         <name>int03.asm.obj</name>
      </input_file>
      <input_file id="fl-22">
         <path>C:\ti\ccsv8\tools\compiler\ti-cgt-msp430_18.1.2.LTS\lib\</path>
         <kind>archive</kind>
         <file>rts430_eabi.lib</file>
         <name>int05.asm.obj</name>
      </input_file>
      <input_file id="fl-23">
         <path>C:\ti\ccsv8\tools\compiler\ti-cgt-msp430_18.1.2.LTS\lib\</path>
         <kind>archive</kind>
         <file>rts430_eabi.lib</file>
         <name>int06.asm.obj</name>
      </input_file>
      <input_file id="fl-24">
         <path>C:\ti\ccsv8\tools\compiler\ti-cgt-msp430_18.1.2.LTS\lib\</path>
         <kind>archive</kind>
         <file>rts430_eabi.lib</file>
         <name>int08.asm.obj</name>
      </input_file>
      <input_file id="fl-25">
         <path>C:\ti\ccsv8\tools\compiler\ti-cgt-msp430_18.1.2.LTS\lib\</path>
         <kind>archive</kind>
         <file>rts430_eabi.lib</file>
         <name>int09.asm.obj</name>
      </input_file>
      <input_file id="fl-26">
         <path>C:\ti\ccsv8\tools\compiler\ti-cgt-msp430_18.1.2.LTS\lib\</path>
         <kind>archive</kind>
         <file>rts430_eabi.lib</file>
         <name>int10.asm.obj</name>
      </input_file>
      <input_file id="fl-27">
         <path>C:\ti\ccsv8\tools\compiler\ti-cgt-msp430_18.1.2.LTS\lib\</path>
         <kind>archive</kind>
         <file>rts430_eabi.lib</file>
         <name>int11.asm.obj</name>
      </input_file>
      <input_file id="fl-28">
         <path>C:\ti\ccsv8\tools\compiler\ti-cgt-msp430_18.1.2.LTS\lib\</path>
         <kind>archive</kind>
         <file>rts430_eabi.lib</file>
         <name>int12.asm.obj</name>
      </input_file>
      <input_file id="fl-29">
         <path>C:\ti\ccsv8\tools\compiler\ti-cgt-msp430_18.1.2.LTS\lib\</path>
         <kind>archive</kind>
         <file>rts430_eabi.lib</file>
         <name>int13.asm.obj</name>
      </input_file>
      <input_file id="fl-2a">
         <path>C:\ti\ccsv8\tools\compiler\ti-cgt-msp430_18.1.2.LTS\lib\</path>
         <kind>archive</kind>
         <file>rts430_eabi.lib</file>
         <name>int14.asm.obj</name>
      </input_file>
      <input_file id="fl-2b">
         <path>C:\ti\ccsv8\tools\compiler\ti-cgt-msp430_18.1.2.LTS\lib\</path>
         <kind>archive</kind>
         <file>rts430_eabi.lib</file>
         <name>isr_trap.asm.obj</name>
      </input_file>
      <input_file id="fl-2c">
         <path>C:\ti\ccsv8\tools\compiler\ti-cgt-msp430_18.1.2.LTS\lib\</path>
         <kind>archive</kind>
         <file>rts430_eabi.lib</file>
         <name>lsr16.asm.obj</name>
      </input_file>
      <input_file id="fl-2d">
         <path>C:\ti\ccsv8\tools\compiler\ti-cgt-msp430_18.1.2.LTS\lib\</path>
         <kind>archive</kind>
         <file>rts430_eabi.lib</file>
         <name>boot.c.obj</name>
      </input_file>
      <input_file id="fl-2e">
         <path>C:\ti\ccsv8\tools\compiler\ti-cgt-msp430_18.1.2.LTS\lib\</path>
         <kind>archive</kind>
         <file>rts430_eabi.lib</file>
         <name>autoinit.c.obj</name>
      </input_file>
      <input_file id="fl-2f">
         <path>C:\ti\ccsv8\tools\compiler\ti-cgt-msp430_18.1.2.LTS\lib\</path>
         <kind>archive</kind>
         <file>rts430_eabi.lib</file>
         <name>copy_zero_init.c.obj</name>
      </input_file>
      <input_file id="fl-30">
         <path>C:\ti\ccsv8\tools\compiler\ti-cgt-msp430_18.1.2.LTS\lib\</path>
         <kind>archive</kind>
         <file>rts430_eabi.lib</file>
         <name>cpy_tbl.c.obj</name>
      </input_file>
      <input_file id="fl-31">
         <path>C:\ti\ccsv8\tools\compiler\ti-cgt-msp430_18.1.2.LTS\lib\</path>
         <kind>archive</kind>
         <file>rts430_eabi.lib</file>
         <name>mpu_init.c.obj</name>
      </input_file>
      <input_file id="fl-32">
         <path>C:\ti\ccsv8\tools\compiler\ti-cgt-msp430_18.1.2.LTS\lib\</path>
         <kind>archive</kind>
         <file>rts430_eabi.lib</file>
         <name>lsr64.c.obj</name>
      </input_file>
      <input_file id="fl-33">
         <path>C:\ti\ccsv8\tools\compiler\ti-cgt-msp430_18.1.2.LTS\lib\</path>
         <kind>archive</kind>
         <file>rts430_eabi.lib</file>
         <name>pre_init.c.obj</name>
      </input_file>
      <input_file id="fl-34">
         <path>C:\ti\ccsv8\tools\compiler\ti-cgt-msp430_18.1.2.LTS\lib\</path>
         <kind>archive</kind>
         <file>rts430_eabi.lib</file>
         <name>startup.c.obj</name>
      </input_file>
      <input_file id="fl-35">
         <path>C:\ti\ccsv8\tools\compiler\ti-cgt-msp430_18.1.2.LTS\lib\</path>
         <kind>archive</kind>
         <file>rts430_eabi.lib</file>
         <name>copy_decompress_none.c.obj</name>
      </input_file>
      <input_file id="fl-36">
         <path>C:\ti\ccsv8\tools\compiler\ti-cgt-msp430_18.1.2.LTS\lib\</path>
         <kind>archive</kind>
         <file>rts430_eabi.lib</file>
         <name>copy_decompress_lzss.c.obj</name>
      </input_file>
      <input_file id="fl-37">
         <path>C:\ti\ccsv8\tools\compiler\ti-cgt-msp430_18.1.2.LTS\lib\</path>
         <kind>archive</kind>
         <file>rts430_eabi.lib</file>
         <name>addd.c.obj</name>
      </input_file>
      <input_file id="fl-38">
         <path>C:\ti\ccsv8\tools\compiler\ti-cgt-msp430_18.1.2.LTS\lib\</path>
         <kind>archive</kind>
         <file>rts430_eabi.lib</file>
         <name>cvtfd.c.obj</name>
      </input_file>
      <input_file id="fl-39">
         <path>C:\ti\ccsv8\tools\compiler\ti-cgt-msp430_18.1.2.LTS\lib\</path>
         <kind>archive</kind>
         <file>rts430_eabi.lib</file>
         <name>frcaddd.c.obj</name>
      </input_file>
      <input_file id="fl-3a">
         <path>C:\ti\ccsv8\tools\compiler\ti-cgt-msp430_18.1.2.LTS\lib\</path>
         <kind>archive</kind>
         <file>rts430_eabi.lib</file>
         <name>renormd.c.obj</name>
      </input_file>
      <input_file id="fl-3b">
         <path>C:\ti\ccsv8\tools\compiler\ti-cgt-msp430_18.1.2.LTS\lib\</path>
         <kind>archive</kind>
         <file>rts430_eabi.lib</file>
         <name>cvtdf.c.obj</name>
      </input_file>
      <input_file id="fl-3c">
         <path>C:\ti\ccsv8\tools\compiler\ti-cgt-msp430_18.1.2.LTS\lib\</path>
         <kind>archive</kind>
         <file>rts430_eabi.lib</file>
         <name>exit.c.obj</name>
      </input_file>
      <input_file id="fl-3d">
         <path>C:\ti\ccsv8\tools\compiler\ti-cgt-msp430_18.1.2.LTS\lib\</path>
         <kind>archive</kind>
         <file>rts430_eabi.lib</file>
         <name>_lock.c.obj</name>
      </input_file>
      <input_file id="fl-3e">
         <path>C:\ti\ccsv8\tools\compiler\ti-cgt-msp430_18.1.2.LTS\lib\</path>
         <kind>archive</kind>
         <file>rts430_eabi.lib</file>
         <name>args_main.c.obj</name>
      </input_file>
      <input_file id="fl-3f">
         <path>C:\ti\ccsv8\tools\compiler\ti-cgt-msp430_18.1.2.LTS\lib\</path>
         <kind>archive</kind>
         <file>rts430_eabi.lib</file>
         <name>memcpy.c.obj</name>
      </input_file>
      <input_file id="fl-40">
         <path>C:\ti\ccsv8\tools\compiler\ti-cgt-msp430_18.1.2.LTS\lib\</path>
         <kind>archive</kind>
         <file>rts430_eabi.lib</file>
         <name>sprintf.c.obj</name>
      </input_file>
      <input_file id="fl-41">
         <path>C:\ti\ccsv8\tools\compiler\ti-cgt-msp430_18.1.2.LTS\lib\</path>
         <kind>archive</kind>
         <file>rts430_eabi.lib</file>
         <name>strcat.c.obj</name>
      </input_file>
      <input_file id="fl-42">
         <path>C:\ti\ccsv8\tools\compiler\ti-cgt-msp430_18.1.2.LTS\lib\</path>
         <kind>archive</kind>
         <file>rts430_eabi.lib</file>
         <name>asr16.asm.obj</name>
      </input_file>
      <input_file id="fl-43">
         <path>C:\ti\ccsv8\tools\compiler\ti-cgt-msp430_18.1.2.LTS\lib\</path>
         <kind>archive</kind>
         <file>rts430_eabi.lib</file>
         <name>asr32.asm.obj</name>
      </input_file>
      <input_file id="fl-44">
         <path>C:\ti\ccsv8\tools\compiler\ti-cgt-msp430_18.1.2.LTS\lib\</path>
         <kind>archive</kind>
         <file>rts430_eabi.lib</file>
         <name>lsl16.asm.obj</name>
      </input_file>
      <input_file id="fl-45">
         <path>C:\ti\ccsv8\tools\compiler\ti-cgt-msp430_18.1.2.LTS\lib\</path>
         <kind>archive</kind>
         <file>rts430_eabi.lib</file>
         <name>lsl32.asm.obj</name>
      </input_file>
      <input_file id="fl-46">
         <path>C:\ti\ccsv8\tools\compiler\ti-cgt-msp430_18.1.2.LTS\lib\</path>
         <kind>archive</kind>
         <file>rts430_eabi.lib</file>
         <name>lsr32.asm.obj</name>
      </input_file>
      <input_file id="fl-47">
         <path>C:\ti\ccsv8\tools\compiler\ti-cgt-msp430_18.1.2.LTS\lib\</path>
         <kind>archive</kind>
         <file>rts430_eabi.lib</file>
         <name>mult16.asm.obj</name>
      </input_file>
      <input_file id="fl-48">
         <path>C:\ti\ccsv8\tools\compiler\ti-cgt-msp430_18.1.2.LTS\lib\</path>
         <kind>archive</kind>
         <file>rts430_eabi.lib</file>
         <name>exit_gvars.c.obj</name>
      </input_file>
      <input_file id="fl-49">
         <path>C:\ti\ccsv8\tools\compiler\ti-cgt-msp430_18.1.2.LTS\lib\</path>
         <kind>archive</kind>
         <file>rts430_eabi.lib</file>
         <name>_printfi.c.obj</name>
      </input_file>
      <input_file id="fl-4a">
         <path>C:\ti\ccsv8\tools\compiler\ti-cgt-msp430_18.1.2.LTS\lib\</path>
         <kind>archive</kind>
         <file>rts430_eabi.lib</file>
         <name>atoi.c.obj</name>
      </input_file>
      <input_file id="fl-4b">
         <path>C:\ti\ccsv8\tools\compiler\ti-cgt-msp430_18.1.2.LTS\lib\</path>
         <kind>archive</kind>
         <file>rts430_eabi.lib</file>
         <name>ctype.c.obj</name>
      </input_file>
      <input_file id="fl-4c">
         <path>C:\ti\ccsv8\tools\compiler\ti-cgt-msp430_18.1.2.LTS\lib\</path>
         <kind>archive</kind>
         <file>rts430_eabi.lib</file>
         <name>ltoa.c.obj</name>
      </input_file>
      <input_file id="fl-4d">
         <path>C:\ti\ccsv8\tools\compiler\ti-cgt-msp430_18.1.2.LTS\lib\</path>
         <kind>archive</kind>
         <file>rts430_eabi.lib</file>
         <name>memccpy.c.obj</name>
      </input_file>
      <input_file id="fl-4e">
         <path>C:\ti\ccsv8\tools\compiler\ti-cgt-msp430_18.1.2.LTS\lib\</path>
         <kind>archive</kind>
         <file>rts430_eabi.lib</file>
         <name>memset.c.obj</name>
      </input_file>
      <input_file id="fl-4f">
         <path>C:\ti\ccsv8\tools\compiler\ti-cgt-msp430_18.1.2.LTS\lib\</path>
         <kind>archive</kind>
         <file>rts430_eabi.lib</file>
         <name>strchr.c.obj</name>
      </input_file>
      <input_file id="fl-50">
         <path>C:\ti\ccsv8\tools\compiler\ti-cgt-msp430_18.1.2.LTS\lib\</path>
         <kind>archive</kind>
         <file>rts430_eabi.lib</file>
         <name>strlen.c.obj</name>
      </input_file>
      <input_file id="fl-51">
         <path>C:\ti\ccsv8\tools\compiler\ti-cgt-msp430_18.1.2.LTS\lib\</path>
         <kind>archive</kind>
         <file>rts430_eabi.lib</file>
         <name>toupper.c.obj</name>
      </input_file>
      <input_file id="fl-52">
         <path>C:\ti\ccsv8\tools\compiler\ti-cgt-msp430_18.1.2.LTS\lib\</path>
         <kind>archive</kind>
         <file>rts430_eabi.lib</file>
         <name>errno.c.obj</name>
      </input_file>
      <input_file id="fl-53">
         <path>C:\ti\ccsv8\tools\compiler\ti-cgt-msp430_18.1.2.LTS\lib\</path>
         <kind>archive</kind>
         <file>rts430_eabi.lib</file>
         <name>abs.c.obj</name>
      </input_file>
      <input_file id="fl-54">
         <path>C:\ti\ccsv8\tools\compiler\ti-cgt-msp430_18.1.2.LTS\lib\</path>
         <kind>archive</kind>
         <file>rts430_eabi.lib</file>
         <name>s_frexp.c.obj</name>
      </input_file>
      <input_file id="fl-55">
         <path>C:\ti\ccsv8\tools\compiler\ti-cgt-msp430_18.1.2.LTS\lib\</path>
         <kind>archive</kind>
         <file>rts430_eabi.lib</file>
         <name>s_scalbn.c.obj</name>
      </input_file>
      <input_file id="fl-56">
         <path>C:\ti\ccsv8\tools\compiler\ti-cgt-msp430_18.1.2.LTS\lib\</path>
         <kind>archive</kind>
         <file>rts430_eabi.lib</file>
         <name>wcslen.c.obj</name>
      </input_file>
      <input_file id="fl-57">
         <path>C:\ti\ccsv8\tools\compiler\ti-cgt-msp430_18.1.2.LTS\lib\</path>
         <kind>archive</kind>
         <file>rts430_eabi.lib</file>
         <name>div16u.asm.obj</name>
      </input_file>
      <input_file id="fl-58">
         <path>C:\ti\ccsv8\tools\compiler\ti-cgt-msp430_18.1.2.LTS\lib\</path>
         <kind>archive</kind>
         <file>rts430_eabi.lib</file>
         <name>div32s.asm.obj</name>
      </input_file>
      <input_file id="fl-59">
         <path>C:\ti\ccsv8\tools\compiler\ti-cgt-msp430_18.1.2.LTS\lib\</path>
         <kind>archive</kind>
         <file>rts430_eabi.lib</file>
         <name>div32u.asm.obj</name>
      </input_file>
      <input_file id="fl-5a">
         <path>C:\ti\ccsv8\tools\compiler\ti-cgt-msp430_18.1.2.LTS\lib\</path>
         <kind>archive</kind>
         <file>rts430_eabi.lib</file>
         <name>div64u.c.obj</name>
      </input_file>
      <input_file id="fl-5b">
         <path>C:\ti\ccsv8\tools\compiler\ti-cgt-msp430_18.1.2.LTS\lib\</path>
         <kind>archive</kind>
         <file>rts430_eabi.lib</file>
         <name>cmpd.c.obj</name>
      </input_file>
      <input_file id="fl-5c">
         <path>C:\ti\ccsv8\tools\compiler\ti-cgt-msp430_18.1.2.LTS\lib\</path>
         <kind>archive</kind>
         <file>rts430_eabi.lib</file>
         <name>divd.c.obj</name>
      </input_file>
      <input_file id="fl-5d">
         <path>C:\ti\ccsv8\tools\compiler\ti-cgt-msp430_18.1.2.LTS\lib\</path>
         <kind>archive</kind>
         <file>rts430_eabi.lib</file>
         <name>fixdi.c.obj</name>
      </input_file>
      <input_file id="fl-5e">
         <path>C:\ti\ccsv8\tools\compiler\ti-cgt-msp430_18.1.2.LTS\lib\</path>
         <kind>archive</kind>
         <file>rts430_eabi.lib</file>
         <name>fixdli.c.obj</name>
      </input_file>
      <input_file id="fl-5f">
         <path>C:\ti\ccsv8\tools\compiler\ti-cgt-msp430_18.1.2.LTS\lib\</path>
         <kind>archive</kind>
         <file>rts430_eabi.lib</file>
         <name>fltid.c.obj</name>
      </input_file>
      <input_file id="fl-60">
         <path>C:\ti\ccsv8\tools\compiler\ti-cgt-msp430_18.1.2.LTS\lib\</path>
         <kind>archive</kind>
         <file>rts430_eabi.lib</file>
         <name>fltlid.c.obj</name>
      </input_file>
      <input_file id="fl-61">
         <path>C:\ti\ccsv8\tools\compiler\ti-cgt-msp430_18.1.2.LTS\lib\</path>
         <kind>archive</kind>
         <file>rts430_eabi.lib</file>
         <name>frcdivd.c.obj</name>
      </input_file>
      <input_file id="fl-62">
         <path>C:\ti\ccsv8\tools\compiler\ti-cgt-msp430_18.1.2.LTS\lib\</path>
         <kind>archive</kind>
         <file>rts430_eabi.lib</file>
         <name>mpyd.c.obj</name>
      </input_file>
      <input_file id="fl-63">
         <path>C:\ti\ccsv8\tools\compiler\ti-cgt-msp430_18.1.2.LTS\lib\</path>
         <kind>archive</kind>
         <file>rts430_eabi.lib</file>
         <name>negd.c.obj</name>
      </input_file>
      <input_file id="fl-64">
         <path>C:\ti\ccsv8\tools\compiler\ti-cgt-msp430_18.1.2.LTS\lib\</path>
         <kind>archive</kind>
         <file>rts430_eabi.lib</file>
         <name>subd.c.obj</name>
      </input_file>
      <input_file id="fl-65">
         <path>C:\ti\ccsv8\tools\compiler\ti-cgt-msp430_18.1.2.LTS\lib\</path>
         <kind>archive</kind>
         <file>rts430_eabi.lib</file>
         <name>s_copysign.c.obj</name>
      </input_file>
      <input_file id="fl-66">
         <path>C:\ti\ccsv8\tools\compiler\ti-cgt-msp430_18.1.2.LTS\lib\</path>
         <kind>archive</kind>
         <file>rts430_eabi.lib</file>
         <name>mult32.asm.obj</name>
      </input_file>
      <input_file id="fl-67">
         <path>C:\ti\ccsv8\tools\compiler\ti-cgt-msp430_18.1.2.LTS\lib\</path>
         <kind>archive</kind>
         <file>rts430_eabi.lib</file>
         <name>lsl64.c.obj</name>
      </input_file>
      <input_file id="fl-68">
         <path>C:\ti\ccsv8\tools\compiler\ti-cgt-msp430_18.1.2.LTS\lib\</path>
         <kind>archive</kind>
         <file>rts430_eabi.lib</file>
         <name>frcmpyd.c.obj</name>
      </input_file>
   </input_file_list>
   <object_component_list>
      <object_component id="oc-13d">
         <name>.data</name>
         <load_address>0x200</load_address>
         <run_address>0x200</run_address>
         <size>0x10</size>
         <input_file_ref idref="fl-2"/>
      </object_component>
      <object_component id="oc-327">
         <name>.data</name>
         <load_address>0x210</load_address>
         <run_address>0x210</run_address>
         <size>0x2</size>
         <input_file_ref idref="fl-52"/>
      </object_component>
      <object_component id="oc-b1">
         <name>.stack</name>
         <uninitialized>true</uninitialized>
         <run_address>0x3b0</run_address>
         <size>0x2</size>
         <input_file_ref idref="fl-2d"/>
      </object_component>
      <object_component id="oc-4dd">
         <name>.stack</name>
         <uninitialized>true</uninitialized>
         <run_address>0x3b0</run_address>
         <size>0x0</size>
      </object_component>
      <object_component id="oc-43b">
         <name>.text:__TI_frcdivd</name>
         <load_address>0xc000</load_address>
         <run_address>0xc000</run_address>
         <size>0x478</size>
         <input_file_ref idref="fl-61"/>
      </object_component>
      <object_component id="oc-398">
         <name>.text:__mspabi_divull</name>
         <load_address>0xc478</load_address>
         <run_address>0xc478</run_address>
         <size>0x360</size>
         <input_file_ref idref="fl-5a"/>
      </object_component>
      <object_component id="oc-185">
         <name>.text:__mspabi_addd</name>
         <load_address>0xc7d8</load_address>
         <run_address>0xc7d8</run_address>
         <size>0x2fa</size>
         <input_file_ref idref="fl-37"/>
      </object_component>
      <object_component id="oc-250">
         <name>.text:__TI_printfi</name>
         <load_address>0xcad2</load_address>
         <run_address>0xcad2</run_address>
         <size>0x288</size>
         <input_file_ref idref="fl-49"/>
      </object_component>
      <object_component id="oc-433">
         <name>.text:__TI_frcmpyd</name>
         <load_address>0xcd5a</load_address>
         <run_address>0xcd5a</run_address>
         <size>0x286</size>
         <input_file_ref idref="fl-68"/>
      </object_component>
      <object_component id="oc-3d2">
         <name>.text:__mspabi_mpyd</name>
         <load_address>0xcfe0</load_address>
         <run_address>0xcfe0</run_address>
         <size>0x26e</size>
         <input_file_ref idref="fl-62"/>
      </object_component>
      <object_component id="oc-1fc">
         <name>.text:__TI_frcaddd</name>
         <load_address>0xd24e</load_address>
         <run_address>0xd24e</run_address>
         <size>0x260</size>
         <input_file_ref idref="fl-39"/>
      </object_component>
      <object_component id="oc-2bd">
         <name>.text:_setfield</name>
         <load_address>0xd4ae</load_address>
         <run_address>0xd4ae</run_address>
         <size>0x252</size>
         <input_file_ref idref="fl-49"/>
      </object_component>
      <object_component id="oc-3e5">
         <name>.text:acvt</name>
         <load_address>0xd700</load_address>
         <run_address>0xd700</run_address>
         <size>0x244</size>
         <input_file_ref idref="fl-49"/>
      </object_component>
      <object_component id="oc-3d8">
         <name>.text:__mspabi_divd</name>
         <load_address>0xd944</load_address>
         <run_address>0xd944</run_address>
         <size>0x238</size>
         <input_file_ref idref="fl-5c"/>
      </object_component>
      <object_component id="oc-313">
         <name>.text:_pproc_fgea</name>
         <load_address>0xdb7c</load_address>
         <run_address>0xdb7c</run_address>
         <size>0x224</size>
         <input_file_ref idref="fl-49"/>
      </object_component>
      <object_component id="oc-348">
         <name>.text:_getarg_diouxp</name>
         <load_address>0xdda0</load_address>
         <run_address>0xdda0</run_address>
         <size>0x1ec</size>
         <input_file_ref idref="fl-49"/>
      </object_component>
      <object_component id="oc-3b2">
         <name>.text:ecvt</name>
         <load_address>0xdf8c</load_address>
         <run_address>0xdf8c</run_address>
         <size>0x1de</size>
         <input_file_ref idref="fl-49"/>
      </object_component>
      <object_component id="oc-3c5">
         <name>.text:fcvt</name>
         <load_address>0xe16a</load_address>
         <run_address>0xe16a</run_address>
         <size>0x1c4</size>
         <input_file_ref idref="fl-49"/>
      </object_component>
      <object_component id="oc-36d">
         <name>.text:_pconv_e</name>
         <load_address>0xe32e</load_address>
         <run_address>0xe32e</run_address>
         <size>0x1a6</size>
         <input_file_ref idref="fl-49"/>
      </object_component>
      <object_component id="oc-373">
         <name>.text:_pconv_a</name>
         <load_address>0xe4d4</load_address>
         <run_address>0xe4d4</run_address>
         <size>0x174</size>
         <input_file_ref idref="fl-49"/>
      </object_component>
      <object_component id="oc-44a">
         <name>.text:scalbn</name>
         <load_address>0xe648</load_address>
         <run_address>0xe648</run_address>
         <size>0x16a</size>
         <input_file_ref idref="fl-55"/>
      </object_component>
      <object_component id="oc-30d">
         <name>.text:_pproc_diouxp</name>
         <load_address>0xe7b2</load_address>
         <run_address>0xe7b2</run_address>
         <size>0x14c</size>
         <input_file_ref idref="fl-49"/>
      </object_component>
      <object_component id="oc-14f">
         <name>.text:main</name>
         <load_address>0xe8fe</load_address>
         <run_address>0xe8fe</run_address>
         <size>0x134</size>
         <input_file_ref idref="fl-2"/>
      </object_component>
      <object_component id="oc-34e">
         <name>.text:_ltostr</name>
         <load_address>0xea32</load_address>
         <run_address>0xea32</run_address>
         <size>0x12e</size>
         <input_file_ref idref="fl-49"/>
      </object_component>
      <object_component id="oc-361">
         <name>.text:_pconv_g</name>
         <load_address>0xeb60</load_address>
         <run_address>0xeb60</run_address>
         <size>0xf8</size>
         <input_file_ref idref="fl-49"/>
      </object_component>
      <object_component id="oc-2b7">
         <name>.text:_pproc_fwp</name>
         <load_address>0xec58</load_address>
         <run_address>0xec58</run_address>
         <size>0xf8</size>
         <input_file_ref idref="fl-49"/>
      </object_component>
      <object_component id="oc-379">
         <name>.text:__mspabi_cmpd</name>
         <load_address>0xed50</load_address>
         <run_address>0xed50</run_address>
         <size>0xdc</size>
         <input_file_ref idref="fl-5b"/>
      </object_component>
      <object_component id="oc-2c9">
         <name>.text:_pproc_wstr</name>
         <load_address>0xee2c</load_address>
         <run_address>0xee2c</run_address>
         <size>0xc4</size>
         <input_file_ref idref="fl-49"/>
      </object_component>
      <object_component id="oc-275">
         <name>.text:__TI_renormd</name>
         <load_address>0xeef0</load_address>
         <run_address>0xeef0</run_address>
         <size>0xbe</size>
         <input_file_ref idref="fl-3a"/>
      </object_component>
      <object_component id="oc-3df">
         <name>.text:frexp</name>
         <load_address>0xefae</load_address>
         <run_address>0xefae</run_address>
         <size>0xb0</size>
         <input_file_ref idref="fl-54"/>
      </object_component>
      <object_component id="oc-416">
         <name>.text:__mspabi_fltlid</name>
         <load_address>0xf05e</load_address>
         <run_address>0xf05e</run_address>
         <size>0xac</size>
         <input_file_ref idref="fl-60"/>
      </object_component>
      <object_component id="oc-2c3">
         <name>.text:_pproc_str</name>
         <load_address>0xf10a</load_address>
         <run_address>0xf10a</run_address>
         <size>0xac</size>
         <input_file_ref idref="fl-49"/>
      </object_component>
      <object_component id="oc-3be">
         <name>.text:_mcpy</name>
         <load_address>0xf1b6</load_address>
         <run_address>0xf1b6</run_address>
         <size>0x92</size>
         <input_file_ref idref="fl-49"/>
      </object_component>
      <object_component id="oc-3b8">
         <name>.text:_ecpy</name>
         <load_address>0xf248</load_address>
         <run_address>0xf248</run_address>
         <size>0x8e</size>
         <input_file_ref idref="fl-49"/>
      </object_component>
      <object_component id="oc-18b">
         <name>.text:__mspabi_cvtdf</name>
         <load_address>0xf2d6</load_address>
         <run_address>0xf2d6</run_address>
         <size>0x8c</size>
         <input_file_ref idref="fl-3b"/>
      </object_component>
      <object_component id="oc-410">
         <name>.text:ltoa</name>
         <load_address>0xf362</load_address>
         <run_address>0xf362</run_address>
         <size>0x84</size>
         <input_file_ref idref="fl-4c"/>
      </object_component>
      <object_component id="oc-34">
         <name>.text:decompress:lzss:__TI_decompress_lzss</name>
         <load_address>0xf3e6</load_address>
         <run_address>0xf3e6</run_address>
         <size>0x7c</size>
         <input_file_ref idref="fl-36"/>
      </object_component>
      <object_component id="oc-367">
         <name>.text:_pconv_f</name>
         <load_address>0xf462</load_address>
         <run_address>0xf462</run_address>
         <size>0x7a</size>
         <input_file_ref idref="fl-49"/>
      </object_component>
      <object_component id="oc-179">
         <name>.text:packet</name>
         <load_address>0xf4dc</load_address>
         <run_address>0xf4dc</run_address>
         <size>0x74</size>
         <input_file_ref idref="fl-2"/>
      </object_component>
      <object_component id="oc-17f">
         <name>.text:__mspabi_cvtfd</name>
         <load_address>0xf550</load_address>
         <run_address>0xf550</run_address>
         <size>0x72</size>
         <input_file_ref idref="fl-38"/>
      </object_component>
      <object_component id="oc-40a">
         <name>.text:__mspabi_fixdli</name>
         <load_address>0xf5c2</load_address>
         <run_address>0xf5c2</run_address>
         <size>0x72</size>
         <input_file_ref idref="fl-5e"/>
      </object_component>
      <object_component id="oc-e1">
         <name>.text:USCI0RX_ISR</name>
         <load_address>0xf634</load_address>
         <run_address>0xf634</run_address>
         <size>0x6e</size>
         <input_file_ref idref="fl-2"/>
      </object_component>
      <object_component id="oc-2e7">
         <name>.text:l_lsr_const</name>
         <load_address>0xf6a2</load_address>
         <run_address>0xf6a2</run_address>
         <size>0x5c</size>
         <input_file_ref idref="fl-46"/>
      </object_component>
      <object_component id="oc-39e">
         <name>.text</name>
         <load_address>0xf6fe</load_address>
         <run_address>0xf6fe</run_address>
         <size>0x58</size>
         <input_file_ref idref="fl-59"/>
      </object_component>
      <object_component id="oc-305">
         <name>.text:atoi</name>
         <load_address>0xf756</load_address>
         <run_address>0xf756</run_address>
         <size>0x52</size>
         <input_file_ref idref="fl-4a"/>
      </object_component>
      <object_component id="oc-3cb">
         <name>.text:_fcpy</name>
         <load_address>0xf7a8</load_address>
         <run_address>0xf7a8</run_address>
         <size>0x4e</size>
         <input_file_ref idref="fl-49"/>
      </object_component>
      <object_component id="oc-ba">
         <name>.text</name>
         <load_address>0xf7f6</load_address>
         <run_address>0xf7f6</run_address>
         <size>0x4c</size>
         <input_file_ref idref="fl-2c"/>
      </object_component>
      <object_component id="oc-191">
         <name>.text</name>
         <load_address>0xf842</load_address>
         <run_address>0xf842</run_address>
         <size>0x4a</size>
         <input_file_ref idref="fl-1e"/>
      </object_component>
      <object_component id="oc-3a8">
         <name>.text:__mspabi_srlll</name>
         <load_address>0xf88c</load_address>
         <run_address>0xf88c</run_address>
         <size>0x46</size>
         <input_file_ref idref="fl-32"/>
      </object_component>
      <object_component id="oc-3fd">
         <name>.text:__mspabi_sllll</name>
         <load_address>0xf8d2</load_address>
         <run_address>0xf8d2</run_address>
         <size>0x44</size>
         <input_file_ref idref="fl-67"/>
      </object_component>
      <object_component id="oc-1a3">
         <name>.text:__TI_auto_init_nobinit_nopinit:__TI_auto_init_nobinit_nopinit</name>
         <load_address>0xf916</load_address>
         <run_address>0xf916</run_address>
         <size>0x42</size>
         <input_file_ref idref="fl-2e"/>
      </object_component>
      <object_component id="oc-461">
         <name>.text</name>
         <load_address>0xf958</load_address>
         <run_address>0xf958</run_address>
         <size>0x40</size>
         <input_file_ref idref="fl-58"/>
      </object_component>
      <object_component id="oc-1f0">
         <name>.text:l_asr_const</name>
         <load_address>0xf998</load_address>
         <run_address>0xf998</run_address>
         <size>0x3e</size>
         <input_file_ref idref="fl-43"/>
      </object_component>
      <object_component id="oc-209">
         <name>.text:l_lsl_const</name>
         <load_address>0xf9d6</load_address>
         <run_address>0xf9d6</run_address>
         <size>0x3e</size>
         <input_file_ref idref="fl-45"/>
      </object_component>
      <object_component id="oc-1d7">
         <name>.text:sprintf</name>
         <load_address>0xfa14</load_address>
         <run_address>0xfa14</run_address>
         <size>0x38</size>
         <input_file_ref idref="fl-40"/>
      </object_component>
      <object_component id="oc-41c">
         <name>.text:__mspabi_subd</name>
         <load_address>0xfa4c</load_address>
         <run_address>0xfa4c</run_address>
         <size>0x2e</size>
         <input_file_ref idref="fl-64"/>
      </object_component>
      <object_component id="oc-481">
         <name>.text:copysign</name>
         <load_address>0xfa7a</load_address>
         <run_address>0xfa7a</run_address>
         <size>0x2e</size>
         <input_file_ref idref="fl-65"/>
      </object_component>
      <object_component id="oc-1eb">
         <name>.text</name>
         <load_address>0xfaa8</load_address>
         <run_address>0xfaa8</run_address>
         <size>0x2c</size>
         <input_file_ref idref="fl-42"/>
      </object_component>
      <object_component id="oc-b5">
         <name>.text</name>
         <load_address>0xfad4</load_address>
         <run_address>0xfad4</run_address>
         <size>0x2c</size>
         <input_file_ref idref="fl-44"/>
      </object_component>
      <object_component id="oc-35b">
         <name>.text:__mspabi_negd</name>
         <load_address>0xfb00</load_address>
         <run_address>0xfb00</run_address>
         <size>0x2a</size>
         <input_file_ref idref="fl-63"/>
      </object_component>
      <object_component id="oc-422">
         <name>.text:__mspabi_fixdi</name>
         <load_address>0xfb2a</load_address>
         <run_address>0xfb2a</run_address>
         <size>0x28</size>
         <input_file_ref idref="fl-5d"/>
      </object_component>
      <object_component id="oc-46d">
         <name>.text</name>
         <load_address>0xfb52</load_address>
         <run_address>0xfb52</run_address>
         <size>0x26</size>
         <input_file_ref idref="fl-66"/>
      </object_component>
      <object_component id="oc-1e3">
         <name>.text:sendData</name>
         <load_address>0xfb78</load_address>
         <run_address>0xfb78</run_address>
         <size>0x24</size>
         <input_file_ref idref="fl-2"/>
      </object_component>
      <object_component id="oc-f9">
         <name>.text:_c_int00_noargs</name>
         <load_address>0xfb9c</load_address>
         <run_address>0xfb9c</run_address>
         <size>0x1c</size>
         <input_file_ref idref="fl-2d"/>
      </object_component>
      <object_component id="oc-244">
         <name>.text:_outs</name>
         <load_address>0xfbb8</load_address>
         <run_address>0xfbb8</run_address>
         <size>0x1a</size>
         <input_file_ref idref="fl-40"/>
      </object_component>
      <object_component id="oc-319">
         <name>.text:memccpy</name>
         <load_address>0xfbd2</load_address>
         <run_address>0xfbd2</run_address>
         <size>0x1a</size>
         <input_file_ref idref="fl-4d"/>
      </object_component>
      <object_component id="oc-1dd">
         <name>.text:strcat</name>
         <load_address>0xfbec</load_address>
         <run_address>0xfbec</run_address>
         <size>0x1a</size>
         <input_file_ref idref="fl-41"/>
      </object_component>
      <object_component id="oc-450">
         <name>.text:strchr</name>
         <load_address>0xfc06</load_address>
         <run_address>0xfc06</run_address>
         <size>0x1a</size>
         <input_file_ref idref="fl-4f"/>
      </object_component>
      <object_component id="oc-3a3">
         <name>.text</name>
         <load_address>0xfc20</load_address>
         <run_address>0xfc20</run_address>
         <size>0x16</size>
         <input_file_ref idref="fl-57"/>
      </object_component>
      <object_component id="oc-2ff">
         <name>.text:memset</name>
         <load_address>0xfc36</load_address>
         <run_address>0xfc36</run_address>
         <size>0x14</size>
         <input_file_ref idref="fl-4e"/>
      </object_component>
      <object_component id="oc-2a3">
         <name>.text</name>
         <load_address>0xfc4a</load_address>
         <run_address>0xfc4a</run_address>
         <size>0x14</size>
         <input_file_ref idref="fl-47"/>
      </object_component>
      <object_component id="oc-321">
         <name>.text:wcslen</name>
         <load_address>0xfc5e</load_address>
         <run_address>0xfc5e</run_address>
         <size>0x14</size>
         <input_file_ref idref="fl-56"/>
      </object_component>
      <object_component id="oc-24a">
         <name>.text:_outc</name>
         <load_address>0xfc72</load_address>
         <run_address>0xfc72</run_address>
         <size>0x12</size>
         <input_file_ref idref="fl-40"/>
      </object_component>
      <object_component id="oc-3a">
         <name>.text:decompress:none:__TI_decompress_none</name>
         <load_address>0xfc84</load_address>
         <run_address>0xfc84</run_address>
         <size>0x12</size>
         <input_file_ref idref="fl-35"/>
      </object_component>
      <object_component id="oc-26b">
         <name>.text:l_lsr</name>
         <load_address>0xfc96</load_address>
         <run_address>0xfc96</run_address>
         <size>0x12</size>
         <input_file_ref idref="fl-46"/>
      </object_component>
      <object_component id="oc-cf">
         <name>.text:memcpy</name>
         <load_address>0xfca8</load_address>
         <run_address>0xfca8</run_address>
         <size>0x12</size>
         <input_file_ref idref="fl-3f"/>
      </object_component>
      <object_component id="oc-270">
         <name>.text:l_asr</name>
         <load_address>0xfcba</load_address>
         <run_address>0xfcba</run_address>
         <size>0x10</size>
         <input_file_ref idref="fl-43"/>
      </object_component>
      <object_component id="oc-266">
         <name>.text:l_lsl</name>
         <load_address>0xfcca</load_address>
         <run_address>0xfcca</run_address>
         <size>0x10</size>
         <input_file_ref idref="fl-45"/>
      </object_component>
      <object_component id="oc-bf">
         <name>.text</name>
         <load_address>0xfcda</load_address>
         <run_address>0xfcda</run_address>
         <size>0x10</size>
         <input_file_ref idref="fl-1d"/>
      </object_component>
      <object_component id="oc-2b1">
         <name>.text:strlen</name>
         <load_address>0xfcea</load_address>
         <run_address>0xfcea</run_address>
         <size>0xe</size>
         <input_file_ref idref="fl-50"/>
      </object_component>
      <object_component id="oc-456">
         <name>.text:__mspabi_fltid</name>
         <load_address>0xfcf8</load_address>
         <run_address>0xfcf8</run_address>
         <size>0xc</size>
         <input_file_ref idref="fl-5f"/>
      </object_component>
      <object_component id="oc-355">
         <name>.text:toupper</name>
         <load_address>0xfd04</load_address>
         <run_address>0xfd04</run_address>
         <size>0xc</size>
         <input_file_ref idref="fl-51"/>
      </object_component>
      <object_component id="oc-429">
         <name>.text:abs</name>
         <load_address>0xfd10</load_address>
         <run_address>0xfd10</run_address>
         <size>0xa</size>
         <input_file_ref idref="fl-53"/>
      </object_component>
      <object_component id="oc-dc">
         <name>.text:_isr:__TI_ISR_TRAP</name>
         <load_address>0xfd1a</load_address>
         <run_address>0xfd1a</run_address>
         <size>0x8</size>
         <input_file_ref idref="fl-2b"/>
      </object_component>
      <object_component id="oc-197">
         <name>.text:abort</name>
         <load_address>0xfd22</load_address>
         <run_address>0xfd22</run_address>
         <size>0x6</size>
         <input_file_ref idref="fl-3c"/>
      </object_component>
      <object_component id="oc-149">
         <name>.text:_system_pre_init</name>
         <load_address>0xfd28</load_address>
         <run_address>0xfd28</run_address>
         <size>0x4</size>
         <input_file_ref idref="fl-33"/>
      </object_component>
      <object_component id="oc-223">
         <name>.text:_system_post_cinit</name>
         <load_address>0xfd2c</load_address>
         <run_address>0xfd2c</run_address>
         <size>0x2</size>
         <input_file_ref idref="fl-34"/>
      </object_component>
      <object_component id="oc-4dc">
         <name>.cinit..data.load</name>
         <load_address>0xfe68</load_address>
         <run_address>0xfe68</run_address>
         <size>0x14</size>
      </object_component>
      <object_component id="oc-4da">
         <name>__TI_handler_table</name>
         <load_address>0xfe7c</load_address>
         <run_address>0xfe7c</run_address>
         <size>0x4</size>
      </object_component>
      <object_component id="oc-4db">
         <name>__TI_cinit_table</name>
         <load_address>0xfe80</load_address>
         <run_address>0xfe80</run_address>
         <size>0x4</size>
      </object_component>
      <object_component id="oc-343">
         <name>.const:.string:_ctypes_</name>
         <load_address>0xfd2e</load_address>
         <run_address>0xfd2e</run_address>
         <size>0x101</size>
         <input_file_ref idref="fl-4b"/>
      </object_component>
      <object_component id="oc-30c">
         <name>.const:.string</name>
         <load_address>0xfe30</load_address>
         <run_address>0xfe30</run_address>
         <size>0x26</size>
         <input_file_ref idref="fl-49"/>
      </object_component>
      <object_component id="oc-1d6">
         <name>.const:.string</name>
         <load_address>0xfe56</load_address>
         <run_address>0xfe56</run_address>
         <size>0x12</size>
         <input_file_ref idref="fl-2"/>
      </object_component>
      <object_component id="oc-49c">
         <name>.binit</name>
         <load_address>0xc000</load_address>
         <run_address>0xc000</run_address>
         <size>0x0</size>
      </object_component>
      <object_component id="oc-40">
         <name>.int00</name>
         <load_address>0xffe0</load_address>
         <run_address>0xffe0</run_address>
         <size>0x2</size>
         <input_file_ref idref="fl-1f"/>
      </object_component>
      <object_component id="oc-41">
         <name>.int02</name>
         <load_address>0xffe4</load_address>
         <run_address>0xffe4</run_address>
         <size>0x2</size>
         <input_file_ref idref="fl-20"/>
      </object_component>
      <object_component id="oc-42">
         <name>.int03</name>
         <load_address>0xffe6</load_address>
         <run_address>0xffe6</run_address>
         <size>0x2</size>
         <input_file_ref idref="fl-21"/>
      </object_component>
      <object_component id="oc-43">
         <name>.int05</name>
         <load_address>0xffea</load_address>
         <run_address>0xffea</run_address>
         <size>0x2</size>
         <input_file_ref idref="fl-22"/>
      </object_component>
      <object_component id="oc-44">
         <name>.int06</name>
         <load_address>0xffec</load_address>
         <run_address>0xffec</run_address>
         <size>0x2</size>
         <input_file_ref idref="fl-23"/>
      </object_component>
      <object_component id="oc-45">
         <name>.int07</name>
         <load_address>0xffee</load_address>
         <run_address>0xffee</run_address>
         <size>0x2</size>
         <input_file_ref idref="fl-2"/>
      </object_component>
      <object_component id="oc-46">
         <name>.int08</name>
         <load_address>0xfff0</load_address>
         <run_address>0xfff0</run_address>
         <size>0x2</size>
         <input_file_ref idref="fl-24"/>
      </object_component>
      <object_component id="oc-47">
         <name>.int09</name>
         <load_address>0xfff2</load_address>
         <run_address>0xfff2</run_address>
         <size>0x2</size>
         <input_file_ref idref="fl-25"/>
      </object_component>
      <object_component id="oc-48">
         <name>.int10</name>
         <load_address>0xfff4</load_address>
         <run_address>0xfff4</run_address>
         <size>0x2</size>
         <input_file_ref idref="fl-26"/>
      </object_component>
      <object_component id="oc-49">
         <name>.int11</name>
         <load_address>0xfff6</load_address>
         <run_address>0xfff6</run_address>
         <size>0x2</size>
         <input_file_ref idref="fl-27"/>
      </object_component>
      <object_component id="oc-4a">
         <name>.int12</name>
         <load_address>0xfff8</load_address>
         <run_address>0xfff8</run_address>
         <size>0x2</size>
         <input_file_ref idref="fl-28"/>
      </object_component>
      <object_component id="oc-4b">
         <name>.int13</name>
         <load_address>0xfffa</load_address>
         <run_address>0xfffa</run_address>
         <size>0x2</size>
         <input_file_ref idref="fl-29"/>
      </object_component>
      <object_component id="oc-4c">
         <name>.int14</name>
         <load_address>0xfffc</load_address>
         <run_address>0xfffc</run_address>
         <size>0x2</size>
         <input_file_ref idref="fl-2a"/>
      </object_component>
      <object_component id="oc-b4">
         <name>.reset</name>
         <load_address>0xfffe</load_address>
         <run_address>0xfffe</run_address>
         <size>0x2</size>
         <input_file_ref idref="fl-2d"/>
      </object_component>
      <object_component id="oc-1ea">
         <name>.debug_info</name>
         <load_address>0x0</load_address>
         <run_address>0x0</run_address>
         <size>0x473</size>
         <input_file_ref idref="fl-2"/>
      </object_component>
      <object_component id="oc-13e">
         <name>.debug_info</name>
         <load_address>0x473</load_address>
         <run_address>0x473</run_address>
         <size>0x149</size>
         <input_file_ref idref="fl-2"/>
      </object_component>
      <object_component id="oc-1e4">
         <name>.debug_info</name>
         <load_address>0x5bc</load_address>
         <run_address>0x5bc</run_address>
         <size>0x13b</size>
         <input_file_ref idref="fl-2"/>
      </object_component>
      <object_component id="oc-17a">
         <name>.debug_info</name>
         <load_address>0x6f7</load_address>
         <run_address>0x6f7</run_address>
         <size>0x191</size>
         <input_file_ref idref="fl-2"/>
      </object_component>
      <object_component id="oc-150">
         <name>.debug_info</name>
         <load_address>0x888</load_address>
         <run_address>0x888</run_address>
         <size>0x1b6</size>
         <input_file_ref idref="fl-2"/>
      </object_component>
      <object_component id="oc-e2">
         <name>.debug_info</name>
         <load_address>0xa3e</load_address>
         <run_address>0xa3e</run_address>
         <size>0x109</size>
         <input_file_ref idref="fl-2"/>
      </object_component>
      <object_component id="oc-25d">
         <name>.debug_info</name>
         <load_address>0xb47</load_address>
         <run_address>0xb47</run_address>
         <size>0x26b</size>
         <input_file_ref idref="fl-2"/>
      </object_component>
      <object_component id="oc-ca">
         <name>.debug_info</name>
         <load_address>0xdb2</load_address>
         <run_address>0xdb2</run_address>
         <size>0x84</size>
         <input_file_ref idref="fl-2"/>
      </object_component>
      <object_component id="oc-2df">
         <name>.debug_info</name>
         <load_address>0xe36</load_address>
         <run_address>0xe36</run_address>
         <size>0x275</size>
         <input_file_ref idref="fl-2"/>
      </object_component>
      <object_component id="oc-2d1">
         <name>.debug_info</name>
         <load_address>0x10ab</load_address>
         <run_address>0x10ab</run_address>
         <size>0x2c</size>
         <input_file_ref idref="fl-2"/>
      </object_component>
      <object_component id="oc-c1">
         <name>.debug_info</name>
         <load_address>0x10d7</load_address>
         <run_address>0x10d7</run_address>
         <size>0x126</size>
         <input_file_ref idref="fl-1d"/>
      </object_component>
      <object_component id="oc-194">
         <name>.debug_info</name>
         <load_address>0x11fd</load_address>
         <run_address>0x11fd</run_address>
         <size>0x125</size>
         <input_file_ref idref="fl-1e"/>
      </object_component>
      <object_component id="oc-dd">
         <name>.debug_info</name>
         <load_address>0x1322</load_address>
         <run_address>0x1322</run_address>
         <size>0x107</size>
         <input_file_ref idref="fl-2b"/>
      </object_component>
      <object_component id="oc-bc">
         <name>.debug_info</name>
         <load_address>0x1429</load_address>
         <run_address>0x1429</run_address>
         <size>0x118</size>
         <input_file_ref idref="fl-2c"/>
      </object_component>
      <object_component id="oc-b2">
         <name>.debug_info</name>
         <load_address>0x1541</load_address>
         <run_address>0x1541</run_address>
         <size>0xf5</size>
         <input_file_ref idref="fl-2d"/>
      </object_component>
      <object_component id="oc-fb">
         <name>.debug_info</name>
         <load_address>0x1636</load_address>
         <run_address>0x1636</run_address>
         <size>0x16f</size>
         <input_file_ref idref="fl-2d"/>
      </object_component>
      <object_component id="oc-22a">
         <name>.debug_info</name>
         <load_address>0x17a5</load_address>
         <run_address>0x17a5</run_address>
         <size>0x472</size>
         <input_file_ref idref="fl-2e"/>
      </object_component>
      <object_component id="oc-1a6">
         <name>.debug_info</name>
         <load_address>0x1c17</load_address>
         <run_address>0x1c17</run_address>
         <size>0x1d5</size>
         <input_file_ref idref="fl-2e"/>
      </object_component>
      <object_component id="oc-299">
         <name>.debug_info</name>
         <load_address>0x1dec</load_address>
         <run_address>0x1dec</run_address>
         <size>0x39</size>
         <input_file_ref idref="fl-2e"/>
      </object_component>
      <object_component id="oc-2aa">
         <name>.debug_info</name>
         <load_address>0x1e25</load_address>
         <run_address>0x1e25</run_address>
         <size>0x2c</size>
         <input_file_ref idref="fl-2e"/>
      </object_component>
      <object_component id="oc-235">
         <name>.debug_info</name>
         <load_address>0x1e51</load_address>
         <run_address>0x1e51</run_address>
         <size>0x2c</size>
         <input_file_ref idref="fl-2e"/>
      </object_component>
      <object_component id="oc-29e">
         <name>.debug_info</name>
         <load_address>0x1e7d</load_address>
         <run_address>0x1e7d</run_address>
         <size>0xcd</size>
         <input_file_ref idref="fl-2e"/>
      </object_component>
      <object_component id="oc-130">
         <name>.debug_info</name>
         <load_address>0x1f4a</load_address>
         <run_address>0x1f4a</run_address>
         <size>0x2c</size>
         <input_file_ref idref="fl-2f"/>
      </object_component>
      <object_component id="oc-3a9">
         <name>.debug_info</name>
         <load_address>0x1f76</load_address>
         <run_address>0x1f76</run_address>
         <size>0x188</size>
         <input_file_ref idref="fl-32"/>
      </object_component>
      <object_component id="oc-14c">
         <name>.debug_info</name>
         <load_address>0x20fe</load_address>
         <run_address>0x20fe</run_address>
         <size>0x148</size>
         <input_file_ref idref="fl-33"/>
      </object_component>
      <object_component id="oc-224">
         <name>.debug_info</name>
         <load_address>0x2246</load_address>
         <run_address>0x2246</run_address>
         <size>0x145</size>
         <input_file_ref idref="fl-34"/>
      </object_component>
      <object_component id="oc-db">
         <name>.debug_info</name>
         <load_address>0x238b</load_address>
         <run_address>0x238b</run_address>
         <size>0x175</size>
         <input_file_ref idref="fl-35"/>
      </object_component>
      <object_component id="oc-3b">
         <name>.debug_info</name>
         <load_address>0x2500</load_address>
         <run_address>0x2500</run_address>
         <size>0x1df</size>
         <input_file_ref idref="fl-35"/>
      </object_component>
      <object_component id="oc-d6">
         <name>.debug_info</name>
         <load_address>0x26df</load_address>
         <run_address>0x26df</run_address>
         <size>0x46</size>
         <input_file_ref idref="fl-35"/>
      </object_component>
      <object_component id="oc-135">
         <name>.debug_info</name>
         <load_address>0x2725</load_address>
         <run_address>0x2725</run_address>
         <size>0x2c</size>
         <input_file_ref idref="fl-35"/>
      </object_component>
      <object_component id="oc-12d">
         <name>.debug_info</name>
         <load_address>0x2751</load_address>
         <run_address>0x2751</run_address>
         <size>0x16b</size>
         <input_file_ref idref="fl-36"/>
      </object_component>
      <object_component id="oc-37">
         <name>.debug_info</name>
         <load_address>0x28bc</load_address>
         <run_address>0x28bc</run_address>
         <size>0x287</size>
         <input_file_ref idref="fl-36"/>
      </object_component>
      <object_component id="oc-c5">
         <name>.debug_info</name>
         <load_address>0x2b43</load_address>
         <run_address>0x2b43</run_address>
         <size>0x60</size>
         <input_file_ref idref="fl-36"/>
      </object_component>
      <object_component id="oc-16b">
         <name>.debug_info</name>
         <load_address>0x2ba3</load_address>
         <run_address>0x2ba3</run_address>
         <size>0x46</size>
         <input_file_ref idref="fl-36"/>
      </object_component>
      <object_component id="oc-128">
         <name>.debug_info</name>
         <load_address>0x2be9</load_address>
         <run_address>0x2be9</run_address>
         <size>0x39</size>
         <input_file_ref idref="fl-36"/>
      </object_component>
      <object_component id="oc-208">
         <name>.debug_info</name>
         <load_address>0x2c22</load_address>
         <run_address>0x2c22</run_address>
         <size>0x19c</size>
         <input_file_ref idref="fl-37"/>
      </object_component>
      <object_component id="oc-186">
         <name>.debug_info</name>
         <load_address>0x2dbe</load_address>
         <run_address>0x2dbe</run_address>
         <size>0x24c</size>
         <input_file_ref idref="fl-37"/>
      </object_component>
      <object_component id="oc-203">
         <name>.debug_info</name>
         <load_address>0x300a</load_address>
         <run_address>0x300a</run_address>
         <size>0x94</size>
         <input_file_ref idref="fl-37"/>
      </object_component>
      <object_component id="oc-1f6">
         <name>.debug_info</name>
         <load_address>0x309e</load_address>
         <run_address>0x309e</run_address>
         <size>0x15a</size>
         <input_file_ref idref="fl-38"/>
      </object_component>
      <object_component id="oc-180">
         <name>.debug_info</name>
         <load_address>0x31f8</load_address>
         <run_address>0x31f8</run_address>
         <size>0x1c9</size>
         <input_file_ref idref="fl-38"/>
      </object_component>
      <object_component id="oc-1f7">
         <name>.debug_info</name>
         <load_address>0x33c1</load_address>
         <run_address>0x33c1</run_address>
         <size>0xdb</size>
         <input_file_ref idref="fl-38"/>
      </object_component>
      <object_component id="oc-27c">
         <name>.debug_info</name>
         <load_address>0x349c</load_address>
         <run_address>0x349c</run_address>
         <size>0x195</size>
         <input_file_ref idref="fl-39"/>
      </object_component>
      <object_component id="oc-200">
         <name>.debug_info</name>
         <load_address>0x3631</load_address>
         <run_address>0x3631</run_address>
         <size>0x31e</size>
         <input_file_ref idref="fl-39"/>
      </object_component>
      <object_component id="oc-2ed">
         <name>.debug_info</name>
         <load_address>0x394f</load_address>
         <run_address>0x394f</run_address>
         <size>0x167</size>
         <input_file_ref idref="fl-3a"/>
      </object_component>
      <object_component id="oc-279">
         <name>.debug_info</name>
         <load_address>0x3ab6</load_address>
         <run_address>0x3ab6</run_address>
         <size>0x1ee</size>
         <input_file_ref idref="fl-3a"/>
      </object_component>
      <object_component id="oc-20f">
         <name>.debug_info</name>
         <load_address>0x3ca4</load_address>
         <run_address>0x3ca4</run_address>
         <size>0x15a</size>
         <input_file_ref idref="fl-3b"/>
      </object_component>
      <object_component id="oc-18e">
         <name>.debug_info</name>
         <load_address>0x3dfe</load_address>
         <run_address>0x3dfe</run_address>
         <size>0x1cd</size>
         <input_file_ref idref="fl-3b"/>
      </object_component>
      <object_component id="oc-198">
         <name>.debug_info</name>
         <load_address>0x3fcb</load_address>
         <run_address>0x3fcb</run_address>
         <size>0x117</size>
         <input_file_ref idref="fl-3c"/>
      </object_component>
      <object_component id="oc-12f">
         <name>.debug_info</name>
         <load_address>0x40e2</load_address>
         <run_address>0x40e2</run_address>
         <size>0x176</size>
         <input_file_ref idref="fl-3f"/>
      </object_component>
      <object_component id="oc-d1">
         <name>.debug_info</name>
         <load_address>0x4258</load_address>
         <run_address>0x4258</run_address>
         <size>0x16f</size>
         <input_file_ref idref="fl-3f"/>
      </object_component>
      <object_component id="oc-257">
         <name>.debug_info</name>
         <load_address>0x43c7</load_address>
         <run_address>0x43c7</run_address>
         <size>0x200</size>
         <input_file_ref idref="fl-40"/>
      </object_component>
      <object_component id="oc-1d8">
         <name>.debug_info</name>
         <load_address>0x45c7</load_address>
         <run_address>0x45c7</run_address>
         <size>0x1b7</size>
         <input_file_ref idref="fl-40"/>
      </object_component>
      <object_component id="oc-245">
         <name>.debug_info</name>
         <load_address>0x477e</load_address>
         <run_address>0x477e</run_address>
         <size>0x18d</size>
         <input_file_ref idref="fl-40"/>
      </object_component>
      <object_component id="oc-24b">
         <name>.debug_info</name>
         <load_address>0x490b</load_address>
         <run_address>0x490b</run_address>
         <size>0x162</size>
         <input_file_ref idref="fl-40"/>
      </object_component>
      <object_component id="oc-32d">
         <name>.debug_info</name>
         <load_address>0x4a6d</load_address>
         <run_address>0x4a6d</run_address>
         <size>0x2c</size>
         <input_file_ref idref="fl-40"/>
      </object_component>
      <object_component id="oc-259">
         <name>.debug_info</name>
         <load_address>0x4a99</load_address>
         <run_address>0x4a99</run_address>
         <size>0x171</size>
         <input_file_ref idref="fl-41"/>
      </object_component>
      <object_component id="oc-1de">
         <name>.debug_info</name>
         <load_address>0x4c0a</load_address>
         <run_address>0x4c0a</run_address>
         <size>0x24c</size>
         <input_file_ref idref="fl-41"/>
      </object_component>
      <object_component id="oc-1ed">
         <name>.debug_info</name>
         <load_address>0x4e56</load_address>
         <run_address>0x4e56</run_address>
         <size>0x118</size>
         <input_file_ref idref="fl-42"/>
      </object_component>
      <object_component id="oc-273">
         <name>.debug_info</name>
         <load_address>0x4f6e</load_address>
         <run_address>0x4f6e</run_address>
         <size>0x118</size>
         <input_file_ref idref="fl-43"/>
      </object_component>
      <object_component id="oc-1f2">
         <name>.debug_info</name>
         <load_address>0x5086</load_address>
         <run_address>0x5086</run_address>
         <size>0x11e</size>
         <input_file_ref idref="fl-43"/>
      </object_component>
      <object_component id="oc-b6">
         <name>.debug_info</name>
         <load_address>0x51a4</load_address>
         <run_address>0x51a4</run_address>
         <size>0x118</size>
         <input_file_ref idref="fl-44"/>
      </object_component>
      <object_component id="oc-269">
         <name>.debug_info</name>
         <load_address>0x52bc</load_address>
         <run_address>0x52bc</run_address>
         <size>0x118</size>
         <input_file_ref idref="fl-45"/>
      </object_component>
      <object_component id="oc-20c">
         <name>.debug_info</name>
         <load_address>0x53d4</load_address>
         <run_address>0x53d4</run_address>
         <size>0x11e</size>
         <input_file_ref idref="fl-45"/>
      </object_component>
      <object_component id="oc-26e">
         <name>.debug_info</name>
         <load_address>0x54f2</load_address>
         <run_address>0x54f2</run_address>
         <size>0x118</size>
         <input_file_ref idref="fl-46"/>
      </object_component>
      <object_component id="oc-2e8">
         <name>.debug_info</name>
         <load_address>0x560a</load_address>
         <run_address>0x560a</run_address>
         <size>0x11e</size>
         <input_file_ref idref="fl-46"/>
      </object_component>
      <object_component id="oc-2a5">
         <name>.debug_info</name>
         <load_address>0x5728</load_address>
         <run_address>0x5728</run_address>
         <size>0x119</size>
         <input_file_ref idref="fl-47"/>
      </object_component>
      <object_component id="oc-2d0">
         <name>.debug_info</name>
         <load_address>0x5841</load_address>
         <run_address>0x5841</run_address>
         <size>0x538</size>
         <input_file_ref idref="fl-49"/>
      </object_component>
      <object_component id="oc-2b8">
         <name>.debug_info</name>
         <load_address>0x5d79</load_address>
         <run_address>0x5d79</run_address>
         <size>0x23d</size>
         <input_file_ref idref="fl-49"/>
      </object_component>
      <object_component id="oc-349">
         <name>.debug_info</name>
         <load_address>0x5fb6</load_address>
         <run_address>0x5fb6</run_address>
         <size>0x1a8</size>
         <input_file_ref idref="fl-49"/>
      </object_component>
      <object_component id="oc-34f">
         <name>.debug_info</name>
         <load_address>0x615e</load_address>
         <run_address>0x615e</run_address>
         <size>0x27c</size>
         <input_file_ref idref="fl-49"/>
      </object_component>
      <object_component id="oc-30e">
         <name>.debug_info</name>
         <load_address>0x63da</load_address>
         <run_address>0x63da</run_address>
         <size>0x240</size>
         <input_file_ref idref="fl-49"/>
      </object_component>
      <object_component id="oc-3b3">
         <name>.debug_info</name>
         <load_address>0x661a</load_address>
         <run_address>0x661a</run_address>
         <size>0x3c0</size>
         <input_file_ref idref="fl-49"/>
      </object_component>
      <object_component id="oc-3b9">
         <name>.debug_info</name>
         <load_address>0x69da</load_address>
         <run_address>0x69da</run_address>
         <size>0x1b2</size>
         <input_file_ref idref="fl-49"/>
      </object_component>
      <object_component id="oc-3bf">
         <name>.debug_info</name>
         <load_address>0x6b8c</load_address>
         <run_address>0x6b8c</run_address>
         <size>0x210</size>
         <input_file_ref idref="fl-49"/>
      </object_component>
      <object_component id="oc-362">
         <name>.debug_info</name>
         <load_address>0x6d9c</load_address>
         <run_address>0x6d9c</run_address>
         <size>0x262</size>
         <input_file_ref idref="fl-49"/>
      </object_component>
      <object_component id="oc-3c6">
         <name>.debug_info</name>
         <load_address>0x6ffe</load_address>
         <run_address>0x6ffe</run_address>
         <size>0x3d7</size>
         <input_file_ref idref="fl-49"/>
      </object_component>
      <object_component id="oc-3cc">
         <name>.debug_info</name>
         <load_address>0x73d5</load_address>
         <run_address>0x73d5</run_address>
         <size>0x1fb</size>
         <input_file_ref idref="fl-49"/>
      </object_component>
      <object_component id="oc-368">
         <name>.debug_info</name>
         <load_address>0x75d0</load_address>
         <run_address>0x75d0</run_address>
         <size>0x227</size>
         <input_file_ref idref="fl-49"/>
      </object_component>
      <object_component id="oc-36e">
         <name>.debug_info</name>
         <load_address>0x77f7</load_address>
         <run_address>0x77f7</run_address>
         <size>0x36b</size>
         <input_file_ref idref="fl-49"/>
      </object_component>
      <object_component id="oc-3e6">
         <name>.debug_info</name>
         <load_address>0x7b62</load_address>
         <run_address>0x7b62</run_address>
         <size>0x44e</size>
         <input_file_ref idref="fl-49"/>
      </object_component>
      <object_component id="oc-374">
         <name>.debug_info</name>
         <load_address>0x7fb0</load_address>
         <run_address>0x7fb0</run_address>
         <size>0x275</size>
         <input_file_ref idref="fl-49"/>
      </object_component>
      <object_component id="oc-314">
         <name>.debug_info</name>
         <load_address>0x8225</load_address>
         <run_address>0x8225</run_address>
         <size>0x362</size>
         <input_file_ref idref="fl-49"/>
      </object_component>
      <object_component id="oc-2be">
         <name>.debug_info</name>
         <load_address>0x8587</load_address>
         <run_address>0x8587</run_address>
         <size>0x2fa</size>
         <input_file_ref idref="fl-49"/>
      </object_component>
      <object_component id="oc-2c4">
         <name>.debug_info</name>
         <load_address>0x8881</load_address>
         <run_address>0x8881</run_address>
         <size>0x262</size>
         <input_file_ref idref="fl-49"/>
      </object_component>
      <object_component id="oc-2ca">
         <name>.debug_info</name>
         <load_address>0x8ae3</load_address>
         <run_address>0x8ae3</run_address>
         <size>0x25f</size>
         <input_file_ref idref="fl-49"/>
      </object_component>
      <object_component id="oc-251">
         <name>.debug_info</name>
         <load_address>0x8d42</load_address>
         <run_address>0x8d42</run_address>
         <size>0x32f</size>
         <input_file_ref idref="fl-49"/>
      </object_component>
      <object_component id="oc-2d6">
         <name>.debug_info</name>
         <load_address>0x9071</load_address>
         <run_address>0x9071</run_address>
         <size>0x86</size>
         <input_file_ref idref="fl-49"/>
      </object_component>
      <object_component id="oc-332">
         <name>.debug_info</name>
         <load_address>0x90f7</load_address>
         <run_address>0x90f7</run_address>
         <size>0x39</size>
         <input_file_ref idref="fl-49"/>
      </object_component>
      <object_component id="oc-3f6">
         <name>.debug_info</name>
         <load_address>0x9130</load_address>
         <run_address>0x9130</run_address>
         <size>0x94</size>
         <input_file_ref idref="fl-49"/>
      </object_component>
      <object_component id="oc-38b">
         <name>.debug_info</name>
         <load_address>0x91c4</load_address>
         <run_address>0x91c4</run_address>
         <size>0x46</size>
         <input_file_ref idref="fl-49"/>
      </object_component>
      <object_component id="oc-337">
         <name>.debug_info</name>
         <load_address>0x920a</load_address>
         <run_address>0x920a</run_address>
         <size>0x46</size>
         <input_file_ref idref="fl-49"/>
      </object_component>
      <object_component id="oc-347">
         <name>.debug_info</name>
         <load_address>0x9250</load_address>
         <run_address>0x9250</run_address>
         <size>0x186</size>
         <input_file_ref idref="fl-4a"/>
      </object_component>
      <object_component id="oc-306">
         <name>.debug_info</name>
         <load_address>0x93d6</load_address>
         <run_address>0x93d6</run_address>
         <size>0x185</size>
         <input_file_ref idref="fl-4a"/>
      </object_component>
      <object_component id="oc-394">
         <name>.debug_info</name>
         <load_address>0x955b</load_address>
         <run_address>0x955b</run_address>
         <size>0xee</size>
         <input_file_ref idref="fl-4b"/>
      </object_component>
      <object_component id="oc-344">
         <name>.debug_info</name>
         <load_address>0x9649</load_address>
         <run_address>0x9649</run_address>
         <size>0xfa</size>
         <input_file_ref idref="fl-4b"/>
      </object_component>
      <object_component id="oc-467">
         <name>.debug_info</name>
         <load_address>0x9743</load_address>
         <run_address>0x9743</run_address>
         <size>0x168</size>
         <input_file_ref idref="fl-4c"/>
      </object_component>
      <object_component id="oc-411">
         <name>.debug_info</name>
         <load_address>0x98ab</load_address>
         <run_address>0x98ab</run_address>
         <size>0x1f6</size>
         <input_file_ref idref="fl-4c"/>
      </object_component>
      <object_component id="oc-381">
         <name>.debug_info</name>
         <load_address>0x9aa1</load_address>
         <run_address>0x9aa1</run_address>
         <size>0x163</size>
         <input_file_ref idref="fl-4d"/>
      </object_component>
      <object_component id="oc-31b">
         <name>.debug_info</name>
         <load_address>0x9c04</load_address>
         <run_address>0x9c04</run_address>
         <size>0x1ab</size>
         <input_file_ref idref="fl-4d"/>
      </object_component>
      <object_component id="oc-342">
         <name>.debug_info</name>
         <load_address>0x9daf</load_address>
         <run_address>0x9daf</run_address>
         <size>0x162</size>
         <input_file_ref idref="fl-4e"/>
      </object_component>
      <object_component id="oc-300">
         <name>.debug_info</name>
         <load_address>0x9f11</load_address>
         <run_address>0x9f11</run_address>
         <size>0x25a</size>
         <input_file_ref idref="fl-4e"/>
      </object_component>
      <object_component id="oc-48a">
         <name>.debug_info</name>
         <load_address>0xa16b</load_address>
         <run_address>0xa16b</run_address>
         <size>0x167</size>
         <input_file_ref idref="fl-4f"/>
      </object_component>
      <object_component id="oc-453">
         <name>.debug_info</name>
         <load_address>0xa2d2</load_address>
         <run_address>0xa2d2</run_address>
         <size>0x24d</size>
         <input_file_ref idref="fl-4f"/>
      </object_component>
      <object_component id="oc-2fe">
         <name>.debug_info</name>
         <load_address>0xa51f</load_address>
         <run_address>0xa51f</run_address>
         <size>0x157</size>
         <input_file_ref idref="fl-50"/>
      </object_component>
      <object_component id="oc-2b4">
         <name>.debug_info</name>
         <load_address>0xa676</load_address>
         <run_address>0xa676</run_address>
         <size>0x215</size>
         <input_file_ref idref="fl-50"/>
      </object_component>
      <object_component id="oc-3b0">
         <name>.debug_info</name>
         <load_address>0xa88b</load_address>
         <run_address>0xa88b</run_address>
         <size>0x183</size>
         <input_file_ref idref="fl-51"/>
      </object_component>
      <object_component id="oc-356">
         <name>.debug_info</name>
         <load_address>0xaa0e</load_address>
         <run_address>0xaa0e</run_address>
         <size>0x149</size>
         <input_file_ref idref="fl-51"/>
      </object_component>
      <object_component id="oc-328">
         <name>.debug_info</name>
         <load_address>0xab57</load_address>
         <run_address>0xab57</run_address>
         <size>0xf3</size>
         <input_file_ref idref="fl-52"/>
      </object_component>
      <object_component id="oc-42a">
         <name>.debug_info</name>
         <load_address>0xac4a</load_address>
         <run_address>0xac4a</run_address>
         <size>0x135</size>
         <input_file_ref idref="fl-53"/>
      </object_component>
      <object_component id="oc-444">
         <name>.debug_info</name>
         <load_address>0xad7f</load_address>
         <run_address>0xad7f</run_address>
         <size>0x167</size>
         <input_file_ref idref="fl-54"/>
      </object_component>
      <object_component id="oc-3e0">
         <name>.debug_info</name>
         <load_address>0xaee6</load_address>
         <run_address>0xaee6</run_address>
         <size>0x1bc</size>
         <input_file_ref idref="fl-54"/>
      </object_component>
      <object_component id="oc-47c">
         <name>.debug_info</name>
         <load_address>0xb0a2</load_address>
         <run_address>0xb0a2</run_address>
         <size>0x46</size>
         <input_file_ref idref="fl-54"/>
      </object_component>
      <object_component id="oc-445">
         <name>.debug_info</name>
         <load_address>0xb0e8</load_address>
         <run_address>0xb0e8</run_address>
         <size>0x2c</size>
         <input_file_ref idref="fl-54"/>
      </object_component>
      <object_component id="oc-488">
         <name>.debug_info</name>
         <load_address>0xb114</load_address>
         <run_address>0xb114</run_address>
         <size>0x1a5</size>
         <input_file_ref idref="fl-55"/>
      </object_component>
      <object_component id="oc-44b">
         <name>.debug_info</name>
         <load_address>0xb2b9</load_address>
         <run_address>0xb2b9</run_address>
         <size>0x230</size>
         <input_file_ref idref="fl-55"/>
      </object_component>
      <object_component id="oc-388">
         <name>.debug_info</name>
         <load_address>0xb4e9</load_address>
         <run_address>0xb4e9</run_address>
         <size>0x15c</size>
         <input_file_ref idref="fl-56"/>
      </object_component>
      <object_component id="oc-322">
         <name>.debug_info</name>
         <load_address>0xb645</load_address>
         <run_address>0xb645</run_address>
         <size>0x14f</size>
         <input_file_ref idref="fl-56"/>
      </object_component>
      <object_component id="oc-3ef">
         <name>.debug_info</name>
         <load_address>0xb794</load_address>
         <run_address>0xb794</run_address>
         <size>0x39</size>
         <input_file_ref idref="fl-56"/>
      </object_component>
      <object_component id="oc-383">
         <name>.debug_info</name>
         <load_address>0xb7cd</load_address>
         <run_address>0xb7cd</run_address>
         <size>0x39</size>
         <input_file_ref idref="fl-56"/>
      </object_component>
      <object_component id="oc-3a4">
         <name>.debug_info</name>
         <load_address>0xb806</load_address>
         <run_address>0xb806</run_address>
         <size>0x119</size>
         <input_file_ref idref="fl-57"/>
      </object_component>
      <object_component id="oc-462">
         <name>.debug_info</name>
         <load_address>0xb91f</load_address>
         <run_address>0xb91f</run_address>
         <size>0x130</size>
         <input_file_ref idref="fl-58"/>
      </object_component>
      <object_component id="oc-3a0">
         <name>.debug_info</name>
         <load_address>0xba4f</load_address>
         <run_address>0xba4f</run_address>
         <size>0x11b</size>
         <input_file_ref idref="fl-59"/>
      </object_component>
      <object_component id="oc-404">
         <name>.debug_info</name>
         <load_address>0xbb6a</load_address>
         <run_address>0xbb6a</run_address>
         <size>0x1cc</size>
         <input_file_ref idref="fl-5a"/>
      </object_component>
      <object_component id="oc-399">
         <name>.debug_info</name>
         <load_address>0xbd36</load_address>
         <run_address>0xbd36</run_address>
         <size>0x32c</size>
         <input_file_ref idref="fl-5a"/>
      </object_component>
      <object_component id="oc-37d">
         <name>.debug_info</name>
         <load_address>0xc062</load_address>
         <run_address>0xc062</run_address>
         <size>0x1a4</size>
         <input_file_ref idref="fl-5b"/>
      </object_component>
      <object_component id="oc-442">
         <name>.debug_info</name>
         <load_address>0xc206</load_address>
         <run_address>0xc206</run_address>
         <size>0x197</size>
         <input_file_ref idref="fl-5c"/>
      </object_component>
      <object_component id="oc-3db">
         <name>.debug_info</name>
         <load_address>0xc39d</load_address>
         <run_address>0xc39d</run_address>
         <size>0x27f</size>
         <input_file_ref idref="fl-5c"/>
      </object_component>
      <object_component id="oc-423">
         <name>.debug_info</name>
         <load_address>0xc61c</load_address>
         <run_address>0xc61c</run_address>
         <size>0x166</size>
         <input_file_ref idref="fl-5d"/>
      </object_component>
      <object_component id="oc-40c">
         <name>.debug_info</name>
         <load_address>0xc782</load_address>
         <run_address>0xc782</run_address>
         <size>0x1b5</size>
         <input_file_ref idref="fl-5e"/>
      </object_component>
      <object_component id="oc-458">
         <name>.debug_info</name>
         <load_address>0xc937</load_address>
         <run_address>0xc937</run_address>
         <size>0x15b</size>
         <input_file_ref idref="fl-5f"/>
      </object_component>
      <object_component id="oc-469">
         <name>.debug_info</name>
         <load_address>0xca92</load_address>
         <run_address>0xca92</run_address>
         <size>0x160</size>
         <input_file_ref idref="fl-60"/>
      </object_component>
      <object_component id="oc-419">
         <name>.debug_info</name>
         <load_address>0xcbf2</load_address>
         <run_address>0xcbf2</run_address>
         <size>0x210</size>
         <input_file_ref idref="fl-60"/>
      </object_component>
      <object_component id="oc-477">
         <name>.debug_info</name>
         <load_address>0xce02</load_address>
         <run_address>0xce02</run_address>
         <size>0x167</size>
         <input_file_ref idref="fl-61"/>
      </object_component>
      <object_component id="oc-43c">
         <name>.debug_info</name>
         <load_address>0xcf69</load_address>
         <run_address>0xcf69</run_address>
         <size>0x5c4</size>
         <input_file_ref idref="fl-61"/>
      </object_component>
      <object_component id="oc-43a">
         <name>.debug_info</name>
         <load_address>0xd52d</load_address>
[...]
      <symbol id="sm-283">
         <name>memcpy</name>
         <value>0xfca8</value>
         <object_component_ref idref="oc-cf"/>
      </symbol>
      <symbol id="sm-2a4">
         <name>sprintf</name>
         <value>0xfa14</value>
         <object_component_ref idref="oc-1d7"/>
      </symbol>
      <symbol id="sm-2b3">
         <name>strcat</name>
         <value>0xfbec</value>
         <object_component_ref idref="oc-1dd"/>
      </symbol>
      <symbol id="sm-2bb">
         <name>__mspabi_srai</name>
         <value>0xfaa8</value>
         <object_component_ref idref="oc-1eb"/>
      </symbol>
      <symbol id="sm-2bc">
         <name>__mspabi_srai_8</name>
         <value>0xfac2</value>
         <object_component_ref idref="oc-1eb"/>
      </symbol>
      <symbol id="sm-2bd">
         <name>__mspabi_srai_9</name>
         <value>0xfac0</value>
         <object_component_ref idref="oc-1eb"/>
      </symbol>
      <symbol id="sm-2be">
         <name>__mspabi_srai_6</name>
         <value>0xfac6</value>
         <object_component_ref idref="oc-1eb"/>
      </symbol>
      <symbol id="sm-2bf">
         <name>__mspabi_srai_7</name>
         <value>0xfac4</value>
         <object_component_ref idref="oc-1eb"/>
      </symbol>
      <symbol id="sm-2c0">
         <name>__mspabi_srai_4</name>
         <value>0xfaca</value>
         <object_component_ref idref="oc-1eb"/>
      </symbol>
      <symbol id="sm-2c1">
         <name>__mspabi_srai_5</name>
         <value>0xfac8</value>
         <object_component_ref idref="oc-1eb"/>
      </symbol>
      <symbol id="sm-2c2">
         <name>__mspabi_srai_2</name>
         <value>0xface</value>
         <object_component_ref idref="oc-1eb"/>
      </symbol>
      <symbol id="sm-2c3">
         <name>__mspabi_srai_3</name>
         <value>0xfacc</value>
         <object_component_ref idref="oc-1eb"/>
      </symbol>
      <symbol id="sm-2c4">
         <name>__mspabi_srai_1</name>
         <value>0xfad0</value>
         <object_component_ref idref="oc-1eb"/>
      </symbol>
      <symbol id="sm-2c5">
         <name>__mspabi_srai_15</name>
         <value>0xfab4</value>
         <object_component_ref idref="oc-1eb"/>
      </symbol>
      <symbol id="sm-2c6">
         <name>__mspabi_srai_14</name>
         <value>0xfab6</value>
         <object_component_ref idref="oc-1eb"/>
      </symbol>
      <symbol id="sm-2c7">
         <name>__mspabi_srai_13</name>
         <value>0xfab8</value>
         <object_component_ref idref="oc-1eb"/>
      </symbol>
      <symbol id="sm-2c8">
         <name>__mspabi_srai_12</name>
         <value>0xfaba</value>
         <object_component_ref idref="oc-1eb"/>
      </symbol>
      <symbol id="sm-2c9">
         <name>__mspabi_srai_11</name>
         <value>0xfabc</value>
         <object_component_ref idref="oc-1eb"/>
      </symbol>
      <symbol id="sm-2ca">
         <name>__mspabi_srai_10</name>
         <value>0xfabe</value>
         <object_component_ref idref="oc-1eb"/>
      </symbol>
      <symbol id="sm-2da">
         <name>__mspabi_sral</name>
         <value>0xfcba</value>
         <object_component_ref idref="oc-270"/>
      </symbol>
      <symbol id="sm-2db">
         <name>__mspabi_sral_15</name>
         <value>0xf998</value>
         <object_component_ref idref="oc-1f0"/>
      </symbol>
      <symbol id="sm-2dc">
         <name>__mspabi_sral_14</name>
         <value>0xf99c</value>
         <object_component_ref idref="oc-1f0"/>
      </symbol>
      <symbol id="sm-2dd">
         <name>__mspabi_sral_13</name>
         <value>0xf9a0</value>
         <object_component_ref idref="oc-1f0"/>
      </symbol>
      <symbol id="sm-2de">
         <name>__mspabi_sral_12</name>
         <value>0xf9a4</value>
         <object_component_ref idref="oc-1f0"/>
      </symbol>
      <symbol id="sm-2df">
         <name>__mspabi_sral_11</name>
         <value>0xf9a8</value>
         <object_component_ref idref="oc-1f0"/>
      </symbol>
      <symbol id="sm-2e0">
         <name>__mspabi_sral_10</name>
         <value>0xf9ac</value>
         <object_component_ref idref="oc-1f0"/>
      </symbol>
      <symbol id="sm-2e1">
         <name>__mspabi_sral_8</name>
         <value>0xf9b4</value>
         <object_component_ref idref="oc-1f0"/>
      </symbol>
      <symbol id="sm-2e2">
         <name>__mspabi_sral_9</name>
         <value>0xf9b0</value>
         <object_component_ref idref="oc-1f0"/>
      </symbol>
      <symbol id="sm-2e3">
         <name>__mspabi_sral_6</name>
         <value>0xf9bc</value>
         <object_component_ref idref="oc-1f0"/>
      </symbol>
      <symbol id="sm-2e4">
         <name>__mspabi_sral_7</name>
         <value>0xf9b8</value>
         <object_component_ref idref="oc-1f0"/>
      </symbol>
      <symbol id="sm-2e5">
         <name>__mspabi_sral_4</name>
         <value>0xf9c4</value>
         <object_component_ref idref="oc-1f0"/>
      </symbol>
      <symbol id="sm-2e6">
         <name>__mspabi_sral_5</name>
         <value>0xf9c0</value>
         <object_component_ref idref="oc-1f0"/>
      </symbol>
      <symbol id="sm-2e7">
         <name>__mspabi_sral_2</name>
         <value>0xf9cc</value>
         <object_component_ref idref="oc-1f0"/>
      </symbol>
      <symbol id="sm-2e8">
         <name>__mspabi_sral_3</name>
         <value>0xf9c8</value>
         <object_component_ref idref="oc-1f0"/>
      </symbol>
      <symbol id="sm-2e9">
         <name>__mspabi_sral_1</name>
         <value>0xf9d0</value>
         <object_component_ref idref="oc-1f0"/>
      </symbol>
      <symbol id="sm-2f1">
         <name>__mspabi_slli</name>
         <value>0xfad4</value>
         <object_component_ref idref="oc-b5"/>
      </symbol>
      <symbol id="sm-2f2">
         <name>__mspabi_slli_9</name>
         <value>0xfaec</value>
         <object_component_ref idref="oc-b5"/>
      </symbol>
      <symbol id="sm-2f3">
         <name>__mspabi_slli_8</name>
         <value>0xfaee</value>
         <object_component_ref idref="oc-b5"/>
      </symbol>
      <symbol id="sm-2f4">
         <name>__mspabi_slli_7</name>
         <value>0xfaf0</value>
         <object_component_ref idref="oc-b5"/>
      </symbol>
      <symbol id="sm-2f5">
         <name>__mspabi_slli_6</name>
         <value>0xfaf2</value>
         <object_component_ref idref="oc-b5"/>
      </symbol>
      <symbol id="sm-2f6">
         <name>__mspabi_slli_5</name>
         <value>0xfaf4</value>
         <object_component_ref idref="oc-b5"/>
      </symbol>
      <symbol id="sm-2f7">
         <name>__mspabi_slli_4</name>
         <value>0xfaf6</value>
         <object_component_ref idref="oc-b5"/>
      </symbol>
      <symbol id="sm-2f8">
         <name>__mspabi_slli_3</name>
         <value>0xfaf8</value>
         <object_component_ref idref="oc-b5"/>
      </symbol>
      <symbol id="sm-2f9">
         <name>__mspabi_slli_2</name>
         <value>0xfafa</value>
         <object_component_ref idref="oc-b5"/>
      </symbol>
      <symbol id="sm-2fa">
         <name>__mspabi_slli_1</name>
         <value>0xfafc</value>
         <object_component_ref idref="oc-b5"/>
      </symbol>
      <symbol id="sm-2fb">
         <name>__mspabi_slli_15</name>
         <value>0xfae0</value>
         <object_component_ref idref="oc-b5"/>
      </symbol>
      <symbol id="sm-2fc">
         <name>__mspabi_slli_14</name>
         <value>0xfae2</value>
         <object_component_ref idref="oc-b5"/>
      </symbol>
      <symbol id="sm-2fd">
         <name>__mspabi_slli_13</name>
         <value>0xfae4</value>
         <object_component_ref idref="oc-b5"/>
      </symbol>
      <symbol id="sm-2fe">
         <name>__mspabi_slli_12</name>
         <value>0xfae6</value>
         <object_component_ref idref="oc-b5"/>
      </symbol>
      <symbol id="sm-2ff">
         <name>__mspabi_slli_11</name>
         <value>0xfae8</value>
         <object_component_ref idref="oc-b5"/>
      </symbol>
      <symbol id="sm-300">
         <name>__mspabi_slli_10</name>
         <value>0xfaea</value>
         <object_component_ref idref="oc-b5"/>
      </symbol>
      <symbol id="sm-310">
         <name>__mspabi_slll_9</name>
         <value>0xf9ee</value>
         <object_component_ref idref="oc-209"/>
      </symbol>
      <symbol id="sm-311">
         <name>__mspabi_slll_8</name>
         <value>0xf9f2</value>
         <object_component_ref idref="oc-209"/>
      </symbol>
      <symbol id="sm-312">
         <name>__mspabi_slll_7</name>
         <value>0xf9f6</value>
         <object_component_ref idref="oc-209"/>
      </symbol>
      <symbol id="sm-313">
         <name>__mspabi_slll_6</name>
         <value>0xf9fa</value>
         <object_component_ref idref="oc-209"/>
      </symbol>
      <symbol id="sm-314">
         <name>__mspabi_slll_5</name>
         <value>0xf9fe</value>
         <object_component_ref idref="oc-209"/>
      </symbol>
      <symbol id="sm-315">
         <name>__mspabi_slll_4</name>
         <value>0xfa02</value>
         <object_component_ref idref="oc-209"/>
      </symbol>
      <symbol id="sm-316">
         <name>__mspabi_slll_3</name>
         <value>0xfa06</value>
         <object_component_ref idref="oc-209"/>
      </symbol>
      <symbol id="sm-317">
         <name>__mspabi_slll_2</name>
         <value>0xfa0a</value>
         <object_component_ref idref="oc-209"/>
      </symbol>
      <symbol id="sm-318">
         <name>__mspabi_slll_1</name>
         <value>0xfa0e</value>
         <object_component_ref idref="oc-209"/>
      </symbol>
      <symbol id="sm-319">
         <name>__mspabi_slll</name>
         <value>0xfcca</value>
         <object_component_ref idref="oc-266"/>
      </symbol>
      <symbol id="sm-31a">
         <name>__mspabi_slll_15</name>
         <value>0xf9d6</value>
         <object_component_ref idref="oc-209"/>
      </symbol>
      <symbol id="sm-31b">
         <name>__mspabi_slll_14</name>
         <value>0xf9da</value>
         <object_component_ref idref="oc-209"/>
      </symbol>
      <symbol id="sm-31c">
         <name>__mspabi_slll_13</name>
         <value>0xf9de</value>
         <object_component_ref idref="oc-209"/>
      </symbol>
      <symbol id="sm-31d">
         <name>__mspabi_slll_12</name>
         <value>0xf9e2</value>
         <object_component_ref idref="oc-209"/>
      </symbol>
      <symbol id="sm-31e">
         <name>__mspabi_slll_11</name>
         <value>0xf9e6</value>
         <object_component_ref idref="oc-209"/>
      </symbol>
      <symbol id="sm-31f">
         <name>__mspabi_slll_10</name>
         <value>0xf9ea</value>
         <object_component_ref idref="oc-209"/>
      </symbol>
      <symbol id="sm-32f">
         <name>__mspabi_srll_8</name>
         <value>0xf6cc</value>
         <object_component_ref idref="oc-2e7"/>
      </symbol>
      <symbol id="sm-330">
         <name>__mspabi_srll_9</name>
         <value>0xf6c6</value>
         <object_component_ref idref="oc-2e7"/>
      </symbol>
      <symbol id="sm-331">
         <name>__mspabi_srll_6</name>
         <value>0xf6d8</value>
         <object_component_ref idref="oc-2e7"/>
      </symbol>
      <symbol id="sm-332">
         <name>__mspabi_srll_7</name>
         <value>0xf6d2</value>
         <object_component_ref idref="oc-2e7"/>
      </symbol>
      <symbol id="sm-333">
         <name>__mspabi_srll_4</name>
         <value>0xf6e4</value>
         <object_component_ref idref="oc-2e7"/>
      </symbol>
      <symbol id="sm-334">
         <name>__mspabi_srll_5</name>
         <value>0xf6de</value>
         <object_component_ref idref="oc-2e7"/>
      </symbol>
      <symbol id="sm-335">
         <name>__mspabi_srll_2</name>
         <value>0xf6f0</value>
         <object_component_ref idref="oc-2e7"/>
      </symbol>
      <symbol id="sm-336">
         <name>__mspabi_srll_3</name>
         <value>0xf6ea</value>
         <object_component_ref idref="oc-2e7"/>
      </symbol>
      <symbol id="sm-337">
         <name>__mspabi_srll_1</name>
         <value>0xf6f6</value>
         <object_component_ref idref="oc-2e7"/>
      </symbol>
      <symbol id="sm-338">
         <name>__mspabi_srll_15</name>
         <value>0xf6a2</value>
         <object_component_ref idref="oc-2e7"/>
      </symbol>
      <symbol id="sm-339">
         <name>__mspabi_srll_14</name>
         <value>0xf6a8</value>
         <object_component_ref idref="oc-2e7"/>
      </symbol>
      <symbol id="sm-33a">
         <name>__mspabi_srll_13</name>
         <value>0xf6ae</value>
         <object_component_ref idref="oc-2e7"/>
      </symbol>
      <symbol id="sm-33b">
         <name>__mspabi_srll_12</name>
         <value>0xf6b4</value>
         <object_component_ref idref="oc-2e7"/>
      </symbol>
      <symbol id="sm-33c">
         <name>__mspabi_srll_11</name>
         <value>0xf6ba</value>
         <object_component_ref idref="oc-2e7"/>
      </symbol>
      <symbol id="sm-33d">
         <name>__mspabi_srll_10</name>
         <value>0xf6c0</value>
         <object_component_ref idref="oc-2e7"/>
      </symbol>
      <symbol id="sm-33e">
         <name>__mspabi_srll</name>
         <value>0xfc96</value>
         <object_component_ref idref="oc-26b"/>
      </symbol>
      <symbol id="sm-348">
         <name>__mspabi_mpyi_sw</name>
         <value>0xfc4a</value>
         <object_component_ref idref="oc-2a3"/>
      </symbol>
      <symbol id="sm-349">
         <name>__mspabi_mpyi</name>
         <value>0xfc4a</value>
         <object_component_ref idref="oc-2a3"/>
      </symbol>
      <symbol id="sm-51b">
         <name>__TI_printfi</name>
         <value>0xcad2</value>
         <object_component_ref idref="oc-250"/>
      </symbol>
      <symbol id="sm-52e">
         <name>atoi</name>
         <value>0xf756</value>
         <object_component_ref idref="oc-305"/>
      </symbol>
      <symbol id="sm-538">
         <name>_ctypes_</name>
         <value>0xfd2e</value>
         <object_component_ref idref="oc-343"/>
      </symbol>
      <symbol id="sm-547">
         <name>ltoa</name>
         <value>0xf362</value>
         <object_component_ref idref="oc-410"/>
      </symbol>
      <symbol id="sm-556">
         <name>memccpy</name>
         <value>0xfbd2</value>
         <object_component_ref idref="oc-319"/>
      </symbol>
      <symbol id="sm-564">
         <name>memset</name>
         <value>0xfc36</value>
         <object_component_ref idref="oc-2ff"/>
      </symbol>
      <symbol id="sm-573">
         <name>strchr</name>
         <value>0xfc06</value>
         <object_component_ref idref="oc-450"/>
      </symbol>
      <symbol id="sm-580">
         <name>strlen</name>
         <value>0xfcea</value>
         <object_component_ref idref="oc-2b1"/>
      </symbol>
      <symbol id="sm-58d">
         <name>toupper</name>
         <value>0xfd04</value>
         <object_component_ref idref="oc-355"/>
      </symbol>
      <symbol id="sm-594">
         <name>errno</name>
         <value>0x210</value>
         <object_component_ref idref="oc-327"/>
      </symbol>
      <symbol id="sm-59e">
         <name>abs</name>
         <value>0xfd10</value>
         <object_component_ref idref="oc-429"/>
      </symbol>
      <symbol id="sm-5ba">
         <name>frexpl</name>
         <value>0xefae</value>
         <object_component_ref idref="oc-3df"/>
      </symbol>
      <symbol id="sm-5bb">
         <name>frexp</name>
         <value>0xefae</value>
         <object_component_ref idref="oc-3df"/>
      </symbol>
      <symbol id="sm-5d3">
         <name>scalbn</name>
         <value>0xe648</value>
         <object_component_ref idref="oc-44a"/>
      </symbol>
      <symbol id="sm-5d4">
         <name>scalbnl</name>
         <value>0xe648</value>
         <object_component_ref idref="oc-44a"/>
      </symbol>
      <symbol id="sm-5d5">
         <name>ldexpl</name>
         <value>0xe648</value>
         <object_component_ref idref="oc-44a"/>
      </symbol>
      <symbol id="sm-5d6">
         <name>ldexp</name>
         <value>0xe648</value>
         <object_component_ref idref="oc-44a"/>
      </symbol>
      <symbol id="sm-5ee">
         <name>wcslen</name>
         <value>0xfc5e</value>
         <object_component_ref idref="oc-321"/>
      </symbol>
      <symbol id="sm-5f8">
         <name>__mspabi_remu</name>
         <value>0xfc20</value>
         <object_component_ref idref="oc-3a3"/>
      </symbol>
      <symbol id="sm-5f9">
         <name>__mspabi_divu</name>
         <value>0xfc20</value>
         <object_component_ref idref="oc-3a3"/>
      </symbol>
      <symbol id="sm-605">
         <name>__mspabi_remli</name>
         <value>0xf958</value>
         <object_component_ref idref="oc-461"/>
      </symbol>
      <symbol id="sm-606">
         <name>__mspabi_divli</name>
         <value>0xf958</value>
         <object_component_ref idref="oc-461"/>
      </symbol>
      <symbol id="sm-614">
         <name>__mspabi_remul</name>
         <value>0xf6fe</value>
         <object_component_ref idref="oc-39e"/>
      </symbol>
      <symbol id="sm-615">
         <name>__mspabi_divul</name>
         <value>0xf6fe</value>
         <object_component_ref idref="oc-39e"/>
      </symbol>
      <symbol id="sm-648">
         <name>__mspabi_divull</name>
         <value>0xc478</value>
         <object_component_ref idref="oc-398"/>
      </symbol>
      <symbol id="sm-662">
         <name>__mspabi_cmpd</name>
         <value>0xed50</value>
         <object_component_ref idref="oc-379"/>
      </symbol>
      <symbol id="sm-683">
         <name>__mspabi_divd</name>
         <value>0xd944</value>
         <object_component_ref idref="oc-3d8"/>
      </symbol>
      <symbol id="sm-690">
         <name>__mspabi_fixdi</name>
         <value>0xfb2a</value>
         <object_component_ref idref="oc-422"/>
      </symbol>
      <symbol id="sm-69f">
         <name>__mspabi_fixdli</name>
         <value>0xf5c2</value>
         <object_component_ref idref="oc-40a"/>
      </symbol>
      <symbol id="sm-6a8">
         <name>__mspabi_fltid</name>
         <value>0xfcf8</value>
         <object_component_ref idref="oc-456"/>
      </symbol>
      <symbol id="sm-6bf">
         <name>__mspabi_fltlid</name>
         <value>0xf05e</value>
         <object_component_ref idref="oc-416"/>
      </symbol>
      <symbol id="sm-6da">
         <name>__TI_frcdivd</name>
         <value>0xc000</value>
         <object_component_ref idref="oc-43b"/>
      </symbol>
      <symbol id="sm-6fc">
         <name>__mspabi_mpyd</name>
         <value>0xcfe0</value>
         <object_component_ref idref="oc-3d2"/>
      </symbol>
      <symbol id="sm-705">
         <name>__mspabi_negd</name>
         <value>0xfb00</value>
         <object_component_ref idref="oc-35b"/>
      </symbol>
      <symbol id="sm-70e">
         <name>__mspabi_subd</name>
         <value>0xfa4c</value>
         <object_component_ref idref="oc-41c"/>
      </symbol>
      <symbol id="sm-717">
         <name>copysign</name>
         <value>0xfa7a</value>
         <object_component_ref idref="oc-481"/>
      </symbol>
      <symbol id="sm-718">
         <name>copysignl</name>
         <value>0xfa7a</value>
         <object_component_ref idref="oc-481"/>
      </symbol>
      <symbol id="sm-722">
         <name>__mspabi_mpyl_sw</name>
         <value>0xfb52</value>
         <object_component_ref idref="oc-46d"/>
      </symbol>
      <symbol id="sm-723">
         <name>__mspabi_mpyl</name>
         <value>0xfb52</value>
         <object_component_ref idref="oc-46d"/>
      </symbol>
      <symbol id="sm-730">
         <name>__mspabi_sllll</name>
         <value>0xf8d2</value>
         <object_component_ref idref="oc-3fd"/>
      </symbol>
      <symbol id="sm-740">
         <name>__TI_frcmpyd</name>
         <value>0xcd5a</value>
         <object_component_ref idref="oc-433"/>
      </symbol>
   </symbol_table>
   <title>Link successful</title>
</link_info>
